CCS PCM C Compiler, Version 5.008, 5967               11-Kas-14 14:05

               Filename:   E:\File Server\Modesis\Proje Dosyalarý\SMD - Adým Motor Sürücü\Software\Asansör Kod DRV8711\SMD V1.0 Versiyon2 (WDT BETA)\SMD V1.0.lst

               ROM used:   1323 words (65%)
                           Largest free fragment is 725
               RAM used:   7 (2%) at main() level
                           33 (10%) worst case
               Stack used: 2 locations
               Stack size: 16

*
0000:  MOVLP  00
0001:  GOTO   4FA
0002:  NOP
.................... #INCLUDE <16f1826.h>  
.................... //////// Standard Header file for the PIC16F1826 device //////////////// 
.................... #device PIC16F1826 
0003:  MOVWF  7B
0004:  MOVLW  00
0005:  ADDWF  7A,W
0006:  MOVWF  0A
0007:  MOVF   7B,W
0008:  ADDLW  0C
0009:  BTFSC  03.0
000A:  INCF   0A,F
000B:  MOVWF  02
000C:  RETLW  28
000D:  RETLW  0A
000E:  RETLW  28
000F:  RETLW  0A
0010:  RETLW  28
0011:  RETLW  0A
0012:  RETLW  27
0013:  RETLW  0A
0014:  RETLW  26
0015:  RETLW  0A
0016:  RETLW  25
0017:  RETLW  0A
0018:  RETLW  24
0019:  RETLW  0A
001A:  RETLW  23
001B:  RETLW  0A
001C:  RETLW  21
001D:  RETLW  0A
001E:  RETLW  1F
001F:  RETLW  0A
0020:  RETLW  1E
0021:  RETLW  0A
0022:  RETLW  1C
0023:  RETLW  0A
0024:  RETLW  19
0025:  RETLW  0A
0026:  RETLW  17
0027:  RETLW  0A
0028:  RETLW  14
0029:  RETLW  0A
002A:  RETLW  12
002B:  RETLW  0A
002C:  RETLW  0F
002D:  RETLW  0A
002E:  RETLW  0C
002F:  RETLW  0A
0030:  RETLW  09
0031:  RETLW  0A
0032:  RETLW  05
0033:  RETLW  0A
0034:  RETLW  02
0035:  RETLW  0A
0036:  RETLW  FE
0037:  RETLW  09
0038:  RETLW  FA
0039:  RETLW  09
003A:  RETLW  F6
003B:  RETLW  09
003C:  RETLW  F2
003D:  RETLW  09
003E:  RETLW  EE
003F:  RETLW  09
0040:  RETLW  E9
0041:  RETLW  09
0042:  RETLW  E5
0043:  RETLW  09
0044:  RETLW  E0
0045:  RETLW  09
0046:  RETLW  DB
0047:  RETLW  09
0048:  RETLW  D6
0049:  RETLW  09
004A:  RETLW  D1
004B:  RETLW  09
004C:  RETLW  CC
004D:  RETLW  09
004E:  RETLW  C6
004F:  RETLW  09
0050:  RETLW  C1
0051:  RETLW  09
0052:  RETLW  BB
0053:  RETLW  09
0054:  RETLW  B5
0055:  RETLW  09
0056:  RETLW  AF
0057:  RETLW  09
0058:  RETLW  A9
0059:  RETLW  09
005A:  RETLW  A3
005B:  RETLW  09
005C:  RETLW  9C
005D:  RETLW  09
005E:  RETLW  96
005F:  RETLW  09
0060:  RETLW  8F
0061:  RETLW  09
0062:  RETLW  88
0063:  RETLW  09
0064:  RETLW  81
0065:  RETLW  09
0066:  RETLW  7A
0067:  RETLW  09
0068:  RETLW  73
0069:  RETLW  09
006A:  RETLW  6C
006B:  RETLW  09
006C:  RETLW  64
006D:  RETLW  09
006E:  RETLW  5D
006F:  RETLW  09
0070:  RETLW  55
0071:  RETLW  09
0072:  RETLW  4D
0073:  RETLW  09
0074:  RETLW  45
0075:  RETLW  09
0076:  RETLW  3D
0077:  RETLW  09
0078:  RETLW  35
0079:  RETLW  09
007A:  RETLW  2D
007B:  RETLW  09
007C:  RETLW  24
007D:  RETLW  09
007E:  RETLW  1C
007F:  RETLW  09
0080:  RETLW  13
0081:  RETLW  09
0082:  RETLW  0B
0083:  RETLW  09
0084:  RETLW  02
0085:  RETLW  09
0086:  RETLW  F9
0087:  RETLW  08
0088:  RETLW  F0
0089:  RETLW  08
008A:  RETLW  E7
008B:  RETLW  08
008C:  RETLW  DE
008D:  RETLW  08
008E:  RETLW  D4
008F:  RETLW  08
0090:  RETLW  CB
0091:  RETLW  08
0092:  RETLW  C1
0093:  RETLW  08
0094:  RETLW  B8
0095:  RETLW  08
0096:  RETLW  AE
0097:  RETLW  08
0098:  RETLW  A4
0099:  RETLW  08
009A:  RETLW  9A
009B:  RETLW  08
009C:  RETLW  90
009D:  RETLW  08
009E:  RETLW  86
009F:  RETLW  08
00A0:  RETLW  7C
00A1:  RETLW  08
00A2:  RETLW  72
00A3:  RETLW  08
00A4:  RETLW  68
00A5:  RETLW  08
00A6:  RETLW  5D
00A7:  RETLW  08
00A8:  RETLW  53
00A9:  RETLW  08
00AA:  RETLW  48
00AB:  RETLW  08
00AC:  RETLW  3D
00AD:  RETLW  08
00AE:  RETLW  33
00AF:  RETLW  08
00B0:  RETLW  28
00B1:  RETLW  08
00B2:  RETLW  1D
00B3:  RETLW  08
00B4:  RETLW  12
00B5:  RETLW  08
00B6:  RETLW  07
00B7:  RETLW  08
00B8:  RETLW  FC
00B9:  RETLW  07
00BA:  RETLW  F1
00BB:  RETLW  07
00BC:  RETLW  E5
00BD:  RETLW  07
00BE:  RETLW  DA
00BF:  RETLW  07
00C0:  RETLW  CF
00C1:  RETLW  07
00C2:  RETLW  C3
00C3:  RETLW  07
00C4:  RETLW  B8
00C5:  RETLW  07
00C6:  RETLW  AC
00C7:  RETLW  07
00C8:  RETLW  A0
00C9:  RETLW  07
00CA:  RETLW  95
00CB:  RETLW  07
00CC:  RETLW  89
00CD:  RETLW  07
00CE:  RETLW  7D
00CF:  RETLW  07
00D0:  RETLW  71
00D1:  RETLW  07
00D2:  RETLW  65
00D3:  RETLW  07
00D4:  RETLW  59
00D5:  RETLW  07
00D6:  RETLW  4D
00D7:  RETLW  07
00D8:  RETLW  41
00D9:  RETLW  07
00DA:  RETLW  35
00DB:  RETLW  07
00DC:  RETLW  29
00DD:  RETLW  07
00DE:  RETLW  1C
00DF:  RETLW  07
00E0:  RETLW  10
00E1:  RETLW  07
00E2:  RETLW  04
00E3:  RETLW  07
00E4:  RETLW  F7
00E5:  RETLW  06
00E6:  RETLW  EB
00E7:  RETLW  06
00E8:  RETLW  DE
00E9:  RETLW  06
00EA:  RETLW  D2
00EB:  RETLW  06
00EC:  RETLW  C5
00ED:  RETLW  06
00EE:  RETLW  B8
00EF:  RETLW  06
00F0:  RETLW  AC
00F1:  RETLW  06
00F2:  RETLW  9F
00F3:  RETLW  06
00F4:  RETLW  92
00F5:  RETLW  06
00F6:  RETLW  86
00F7:  RETLW  06
00F8:  RETLW  79
00F9:  RETLW  06
00FA:  RETLW  6C
00FB:  RETLW  06
00FC:  RETLW  5F
00FD:  RETLW  06
00FE:  RETLW  52
00FF:  RETLW  06
0100:  RETLW  45
0101:  RETLW  06
0102:  RETLW  39
0103:  RETLW  06
0104:  RETLW  2C
0105:  RETLW  06
0106:  RETLW  1F
0107:  RETLW  06
0108:  RETLW  12
0109:  RETLW  06
010A:  RETLW  05
010B:  RETLW  06
010C:  RETLW  F8
010D:  RETLW  05
010E:  RETLW  EB
010F:  RETLW  05
0110:  RETLW  DD
0111:  RETLW  05
0112:  RETLW  D0
0113:  RETLW  05
0114:  RETLW  C3
0115:  RETLW  05
0116:  RETLW  B6
0117:  RETLW  05
0118:  RETLW  A9
0119:  RETLW  05
011A:  RETLW  9C
011B:  RETLW  05
011C:  RETLW  8F
011D:  RETLW  05
011E:  RETLW  82
011F:  RETLW  05
0120:  RETLW  75
0121:  RETLW  05
0122:  RETLW  67
0123:  RETLW  05
0124:  RETLW  5A
0125:  RETLW  05
0126:  RETLW  4D
0127:  RETLW  05
0128:  RETLW  40
0129:  RETLW  05
012A:  RETLW  33
012B:  RETLW  05
012C:  RETLW  26
012D:  RETLW  05
012E:  RETLW  18
012F:  RETLW  05
0130:  RETLW  0B
0131:  RETLW  05
0132:  RETLW  FE
0133:  RETLW  04
0134:  RETLW  F1
0135:  RETLW  04
0136:  RETLW  E4
0137:  RETLW  04
0138:  RETLW  D7
0139:  RETLW  04
013A:  RETLW  CA
013B:  RETLW  04
013C:  RETLW  BD
013D:  RETLW  04
013E:  RETLW  B0
013F:  RETLW  04
0140:  RETLW  A2
0141:  RETLW  04
0142:  RETLW  95
0143:  RETLW  04
0144:  RETLW  88
0145:  RETLW  04
0146:  RETLW  7B
0147:  RETLW  04
0148:  RETLW  6E
0149:  RETLW  04
014A:  RETLW  61
014B:  RETLW  04
014C:  RETLW  54
014D:  RETLW  04
014E:  RETLW  48
014F:  RETLW  04
0150:  RETLW  3B
0151:  RETLW  04
0152:  RETLW  2E
0153:  RETLW  04
0154:  RETLW  21
0155:  RETLW  04
0156:  RETLW  14
0157:  RETLW  04
0158:  RETLW  07
0159:  RETLW  04
015A:  RETLW  FB
015B:  RETLW  03
015C:  RETLW  EE
015D:  RETLW  03
015E:  RETLW  E1
015F:  RETLW  03
0160:  RETLW  D4
0161:  RETLW  03
0162:  RETLW  C8
0163:  RETLW  03
0164:  RETLW  BB
0165:  RETLW  03
0166:  RETLW  AF
0167:  RETLW  03
0168:  RETLW  A2
0169:  RETLW  03
016A:  RETLW  96
016B:  RETLW  03
016C:  RETLW  89
016D:  RETLW  03
016E:  RETLW  7D
016F:  RETLW  03
0170:  RETLW  71
0171:  RETLW  03
0172:  RETLW  64
0173:  RETLW  03
0174:  RETLW  58
0175:  RETLW  03
0176:  RETLW  4C
0177:  RETLW  03
0178:  RETLW  40
0179:  RETLW  03
017A:  RETLW  34
017B:  RETLW  03
017C:  RETLW  28
017D:  RETLW  03
017E:  RETLW  1C
017F:  RETLW  03
0180:  RETLW  10
0181:  RETLW  03
0182:  RETLW  04
0183:  RETLW  03
0184:  RETLW  F8
0185:  RETLW  02
0186:  RETLW  ED
0187:  RETLW  02
0188:  RETLW  E1
0189:  RETLW  02
018A:  RETLW  D5
018B:  RETLW  02
018C:  RETLW  CA
018D:  RETLW  02
018E:  RETLW  BE
018F:  RETLW  02
0190:  RETLW  B3
0191:  RETLW  02
0192:  RETLW  A8
0193:  RETLW  02
0194:  RETLW  9C
0195:  RETLW  02
0196:  RETLW  91
0197:  RETLW  02
0198:  RETLW  86
0199:  RETLW  02
019A:  RETLW  7B
019B:  RETLW  02
019C:  RETLW  70
019D:  RETLW  02
019E:  RETLW  65
019F:  RETLW  02
01A0:  RETLW  5A
01A1:  RETLW  02
01A2:  RETLW  50
01A3:  RETLW  02
01A4:  RETLW  45
01A5:  RETLW  02
01A6:  RETLW  3A
01A7:  RETLW  02
01A8:  RETLW  30
01A9:  RETLW  02
01AA:  RETLW  25
01AB:  RETLW  02
01AC:  RETLW  1B
01AD:  RETLW  02
01AE:  RETLW  11
01AF:  RETLW  02
01B0:  RETLW  07
01B1:  RETLW  02
01B2:  RETLW  FD
01B3:  RETLW  01
01B4:  RETLW  F3
01B5:  RETLW  01
01B6:  RETLW  E9
01B7:  RETLW  01
01B8:  RETLW  DF
01B9:  RETLW  01
01BA:  RETLW  D5
01BB:  RETLW  01
01BC:  RETLW  CC
01BD:  RETLW  01
01BE:  RETLW  C2
01BF:  RETLW  01
01C0:  RETLW  B9
01C1:  RETLW  01
01C2:  RETLW  AF
01C3:  RETLW  01
01C4:  RETLW  A6
01C5:  RETLW  01
01C6:  RETLW  9D
01C7:  RETLW  01
01C8:  RETLW  94
01C9:  RETLW  01
01CA:  RETLW  8B
01CB:  RETLW  01
01CC:  RETLW  82
01CD:  RETLW  01
01CE:  RETLW  7A
01CF:  RETLW  01
01D0:  RETLW  71
01D1:  RETLW  01
01D2:  RETLW  68
01D3:  RETLW  01
01D4:  RETLW  60
01D5:  RETLW  01
01D6:  RETLW  58
01D7:  RETLW  01
01D8:  RETLW  50
01D9:  RETLW  01
01DA:  RETLW  48
01DB:  RETLW  01
01DC:  RETLW  40
01DD:  RETLW  01
01DE:  RETLW  38
01DF:  RETLW  01
01E0:  RETLW  30
01E1:  RETLW  01
01E2:  RETLW  29
01E3:  RETLW  01
01E4:  RETLW  21
01E5:  RETLW  01
01E6:  RETLW  1A
01E7:  RETLW  01
01E8:  RETLW  13
01E9:  RETLW  01
01EA:  RETLW  0C
01EB:  RETLW  01
01EC:  RETLW  05
01ED:  RETLW  01
01EE:  RETLW  FE
01EF:  RETLW  00
01F0:  RETLW  F7
01F1:  RETLW  00
01F2:  RETLW  F1
01F3:  RETLW  00
01F4:  RETLW  EA
01F5:  RETLW  00
01F6:  RETLW  E4
01F7:  RETLW  00
01F8:  RETLW  DE
01F9:  RETLW  00
01FA:  RETLW  D8
01FB:  RETLW  00
01FC:  RETLW  D2
01FD:  RETLW  00
01FE:  RETLW  CC
01FF:  RETLW  00
0200:  RETLW  C7
0201:  RETLW  00
0202:  RETLW  C1
0203:  RETLW  00
0204:  RETLW  BC
0205:  RETLW  00
0206:  RETLW  B7
0207:  RETLW  00
0208:  RETLW  B2
0209:  RETLW  00
020A:  RETLW  AD
020B:  RETLW  00
020C:  RETLW  A8
020D:  RETLW  00
020E:  RETLW  A4
020F:  RETLW  00
0210:  RETLW  9F
0211:  RETLW  00
0212:  RETLW  9B
0213:  RETLW  00
0214:  RETLW  97
0215:  RETLW  00
0216:  RETLW  93
0217:  RETLW  00
0218:  RETLW  8F
0219:  RETLW  00
021A:  RETLW  8B
021B:  RETLW  00
021C:  RETLW  88
021D:  RETLW  00
021E:  RETLW  84
021F:  RETLW  00
0220:  RETLW  81
0221:  RETLW  00
0222:  RETLW  7E
0223:  RETLW  00
0224:  RETLW  7B
0225:  RETLW  00
0226:  RETLW  79
0227:  RETLW  00
0228:  RETLW  76
0229:  RETLW  00
022A:  RETLW  74
022B:  RETLW  00
022C:  RETLW  71
022D:  RETLW  00
022E:  RETLW  6F
022F:  RETLW  00
0230:  RETLW  6E
0231:  RETLW  00
0232:  RETLW  6C
0233:  RETLW  00
0234:  RETLW  6A
0235:  RETLW  00
0236:  RETLW  69
0237:  RETLW  00
0238:  RETLW  68
0239:  RETLW  00
023A:  RETLW  67
023B:  RETLW  00
023C:  RETLW  66
023D:  RETLW  00
023E:  RETLW  65
023F:  RETLW  00
0240:  RETLW  65
0241:  RETLW  00
0242:  RETLW  65
0243:  RETLW  00
0244:  RETLW  64
0245:  RETLW  00
*
04F1:  BCF    0A.0
04F2:  BCF    0A.1
04F3:  BSF    0A.2
04F4:  ADDWF  02,F
04F5:  GOTO   472
04F6:  GOTO   455
04F7:  GOTO   48E
04F8:  GOTO   4A5
04F9:  GOTO   4C0
....................  
.................... #list 
....................  
....................  
.................... #FUSES INTRC_IO                                                      // High Speed Oscilator (>4 Mhz) crystal 
.................... #FUSES NOWDT                                                         // Watch Dog Timer disabled 
.................... #FUSES PUT                                                           // Power Up Timer enabled 
.................... #FUSES MCLR                                                          // Master Clear pin enabled 
.................... #FUSES BROWNOUT                                                      // Brownout Reset enabled 
.................... #FUSES BORV25                                                        // Brownout Reset at 2.5V 
.................... #FUSES NOLVP                                                         // Low Voltage Programming disabled 
.................... #FUSES CPD                                                           // Data EEPROM code protected 
.................... #FUSES PROTECT                                                       // Code protected from reads 
.................... #FUSES NOIESO                                                        // Internal External Switch Over Mode disabled 
.................... #FUSES NOFCMEN                                                       // Fail-safe clock monitor disabled 
....................  
.................... #USE   DELAY(clock=32000000)                                         // delay() func. adjusted for 20Mhz Primary Osc. 
*
0246:  MOVLW  20
0247:  MOVWF  05
0248:  MOVLW  11
0249:  MOVWF  04
024A:  MOVF   00,W
024B:  BTFSC  03.2
024C:  GOTO   25A
024D:  MOVLW  0A
024E:  MOVWF  78
024F:  CLRF   77
0250:  DECFSZ 77,F
0251:  GOTO   250
0252:  DECFSZ 78,F
0253:  GOTO   24F
0254:  MOVLW  5F
0255:  MOVWF  77
0256:  DECFSZ 77,F
0257:  GOTO   256
0258:  DECFSZ 00,F
0259:  GOTO   24D
025A:  RETURN
*
03DB:  MOVLW  02
03DC:  SUBWF  29,F
03DD:  BTFSS  03.0
03DE:  GOTO   3EC
03DF:  MOVLW  20
03E0:  MOVWF  05
03E1:  MOVLW  09
03E2:  MOVWF  04
03E3:  MOVF   00,W
03E4:  BTFSC  03.2
03E5:  GOTO   3EC
03E6:  GOTO   3EA
03E7:  GOTO   3E8
03E8:  GOTO   3E9
03E9:  NOP
03EA:  DECFSZ 00,F
03EB:  GOTO   3E7
03EC:  RETURN
....................  
.................... // Pin assignments 
.................... #DEFINE DRV_RESET    PIN_A0                  // Reset output pin to driver (Active-high reset input initializes all internal logic and disables the Hbridge outputs. Internal pulldown.) 
.................... #DEFINE DRV_SLEEP    PIN_A1                  // Sleep output pin to driver (Logic high to enable device) 
.................... #DEFINE BT_UP        PIN_B3                  // Up button input pin 
.................... #DEFINE BT_DOWN      PIN_B0                  // Down button input pin 
.................... #DEFINE DRV_DIR      PIN_A4                  // Direction output pin 
.................... #DEFINE DRV_STEP     PIN_A7                  // Step output pin 
....................  
.................... #DEFINE LM_DOWN      PIN_A3                  // Down limit switch input pin 
.................... #DEFINE LM_UP        PIN_A2                  // Up limit switch input pin 
.................... #DEFINE DRV_STALL    PIN_B6                  // Stall input pin from driver (Internal stall detect mode: logic low when motor stall detected. Pull up mevcut) 
.................... #DEFINE DRV_FAULT    PIN_B7                  // Fault input pin from driver (Logic low when in fault condition. Pull up mevcut) 
....................  
.................... #DEFINE SPI_SDI      PIN_B1                  // SPI data input pin 
.................... #DEFINE SPI_SDO      PIN_A6                  // SPI data output pin 
.................... #DEFINE SPI_SCK      PIN_B4                  // SPI clock output pin 
.................... #DEFINE SPI_CS       PIN_B2                  // SPI chip select output pin 
....................  
.................... //Internal Pull-Up Register 
....................  
.................... #WORD WPUB           = 0x20D 
....................  
.................... //Bits of WPUB Register 
....................  
.................... #BIT WPUB_B0         = WPUB.0                //Internall Pull-Up enable bit for B0 
.................... #BIT WPUB_B3         = WPUB.3                //Internall Pull-Up enable bit for B3 
.................... //OPTION Register  
.................... #WORD OPTION         = 0x095 
.................... //Bits of Option Register 
.................... #BIT OPTION_WPUEN    = OPTION.7 
....................  
....................  
.................... // SPI Registers 
.................... #WORD SPI_SSP1CON1   = 0x215                 // Synchronous serial port control register 
.................... #WORD SPI_SSP1STAT   = 0x214                 // Synchronous serial port status register 
.................... #WORD SPI_SSP1BUF    = 0x211                 // Synchronous serial port buffer register 
.................... #WORD SPI_PIR1       = 0x011                 // Peripheral interrupt request register 
.................... // Pin function control registers 
.................... #WORD PIN_APFCON0    = 0x11D                 // Alternate pin function control register 0 
.................... #WORD PIN_APFCON1    = 0x11E                 // Alternate pin function control register 1 
....................  
.................... // Bits of SSP1CON1 register 
.................... #BIT SPI_WRITE_FLAG     = SPI_SSP1CON1.7     // Synchronous serial port write collision detect bit 
.................... #BIT SPI_ENABLE         = SPI_SSP1CON1.5     // Synchronous serial port enable bit 
.................... #BIT SPI_CLOCK_POLARITY = SPI_SSP1CON1.4     // Synchronous serial port clock polarity select bit 
.................... #BIT SPI_MODE_3         = SPI_SSP1CON1.3     // Synchronous serial port mode select bits 
.................... #BIT SPI_MODE_2         = SPI_SSP1CON1.2    
.................... #BIT SPI_MODE_1         = SPI_SSP1CON1.1    
.................... #BIT SPI_MODE_0         = SPI_SSP1CON1.0   
....................  
.................... // Bits of SPI_SSP1STAT register 
.................... #BIT SPI_INPUT_SAMPLE   = SPI_SSP1STAT.7     // Synchronous serial port data input sample bit 
.................... #BIT SPI_CLOCK_EDGE     = SPI_SSP1STAT.6     // Synchronous serial port clock edge select bit 
.................... #BIT SPI_BUFFER_STATUS  = SPI_SSP1STAT.0     // Synchronous serial port buffer full status bit 
....................  
.................... // Bits of SPI_PIR1 register 
.................... #BIT SPI_FLAG           = SPI_PIR1.3         // Synchronous serial port interrupt flag bit 
....................  
.................... // Bits of PIN_APFCON0 register 
.................... #BIT PIN_RX_SELECT      = PIN_APFCON0.7      // RX pin selection bit 
.................... #BIT PIN_SDO_SELECT     = PIN_APFCON0.6      // SDO pin selection bit  
.................... #BIT PIN_SS_SELECT      = PIN_APFCON0.5      // SS pin selection bit  
....................  
.................... // Bits of PIN_APFCON1 register 
.................... #BIT PIN_TX_SELECT      = PIN_APFCON1.0      // TX pin selection bit 
....................  
....................  
.................... enum  State     {OFF = 0, ON   = 1};                                 // Motor states 
.................... enum  Direction {UP  = 0, DOWN = 1};                                 // Direction of motion 
.................... enum  Motion    {ACC = 0, WALK = 1, RUN  = 2, DEC = 3, STEADY = 4};  // State of the motion 
....................  
.................... int16 const run_lim          = 800;                                  // Duration of the slow motion (per count) before acclerating to high speed   
.................... unsigned int16   const acc_lim          = 285;                                  // Number of steps before we hit max speed. acc=10000 dec=10000  
.................... unsigned int16 const periods[acc_lim] = {2600,2600,2600,2599,2598,2597,2596,2595,2593,2591,2590,2588,2585,2583, 
.................... 2580,2578,2575,2572,2569,2565,2562,2558,2554,2550,2546,2542,2537,2533,2528,2523,2518,2513,2508,2502,2497,2491, 
.................... 2485,2479,2473,2467,2460,2454,2447,2440,2433,2426,2419,2412,2404,2397,2389,2381,2373,2365,2357,2349,2340,2332, 
.................... 2323,2315,2306,2297,2288,2279,2270,2260,2251,2241,2232,2222,2212,2202,2192,2182,2172,2162,2152,2141,2131,2120, 
.................... 2109,2099,2088,2077,2066,2055,2044,2033,2021,2010,1999,1987,1976,1964,1952,1941,1929,1917,1905,1893,1881,1869, 
.................... 1857,1845,1833,1820,1808,1796,1783,1771,1758,1746,1733,1720,1708,1695,1682,1670,1657,1644,1631,1618,1605,1593, 
.................... 1580,1567,1554,1541,1528,1515,1501,1488,1475,1462,1449,1436,1423,1410,1397,1383,1370,1357,1344,1331,1318,1304, 
.................... 1291,1278,1265,1252,1239,1226,1213,1200,1186,1173,1160,1147,1134,1121,1108,1096,1083,1070,1057,1044,1031,1019, 
.................... 1006,993,980,968,955,943,930,918,905,893,881,868,856,844,832,820,808,796,784,772,760,749,737,725,714,702,691, 
.................... 680,668,657,646,635,624,613,602,592,581,570,560,549,539,529,519,509,499,489,479,469,460,450,441,431,422,413, 
.................... 404,395,386,378,369,360,352,344,336,328,320,312,304,297,289,282,275,268,261,254,247,241,234,228,222,216,210, 
.................... 204,199,193,188,183,178,173,168,164,159,155,151,147,143,139,136,132,129,126,123,121,118,116,113,111,110,108, 
.................... 106,105,104,103,102,101,101,101,100}; 
....................  
.................... int const off_time = 50;                                             // Off time of the pwm signal (should be smaller than period) 
.................... int8      motion_state = STEADY;                                     // Current state of the motion 
....................  
.................... void set_SPI() 
.................... { 
....................    // Disable SPI to set registers 
....................    SPI_ENABLE = 0; 
*
0269:  MOVLB  04
026A:  BCF    15.5
....................    // Set idle state of the clock to low  
....................    SPI_CLOCK_POLARITY = 0; 
026B:  BCF    15.4
....................    // Set SPI mode to SPI  
....................    SPI_MODE_3 = 0;  
026C:  BCF    15.3
....................    SPI_MODE_2 = 0; 
026D:  BCF    15.2
....................    SPI_MODE_1 = 1; 
026E:  BSF    15.1
....................    SPI_MODE_0 = 0; 
026F:  BCF    15.0
....................    // Input data sampled at the middle of data output time 
....................    SPI_INPUT_SAMPLE = 0; 
0270:  BCF    14.7
....................    // Transmit occurs on transition from active to idle clock state 
....................    SPI_CLOCK_EDGE = 1; 
0271:  BSF    14.6
....................  
....................    // Enable SPI 
....................    SPI_ENABLE = 1; 
0272:  BSF    15.5
0273:  MOVLP  00
0274:  MOVLB  00
0275:  GOTO   517 (RETURN)
.................... } 
....................  
.................... void set_variables() 
.................... { 
....................    output_low(SPI_CS);     // Chip select is active high so keep it low to prevent out-of-sync transaction 
0276:  MOVLB  01
0277:  BCF    0D.2
0278:  MOVLB  02
0279:  BCF    0D.2
....................    output_low(DRV_SLEEP);  // Put driver into sleep mode until user enables the motor 
027A:  MOVLB  01
027B:  BCF    0C.1
027C:  MOVLB  02
027D:  BCF    0C.1
....................    output_low(DRV_RESET);  // Reset is active high so keep reset pin low to activate driver  
027E:  MOVLB  01
027F:  BCF    0C.0
0280:  MOVLB  02
0281:  BCF    0C.0
0282:  MOVLP  00
0283:  MOVLB  00
0284:  GOTO   518 (RETURN)
.................... } 
....................  
.................... void set_pins() 
.................... { 
....................    // Set RB2 as RX pin 
....................    //PIN_RX_SELECT = 1; 
....................    // Set RA6 as SDO pin 
....................    PIN_SDO_SELECT = 1; 
*
0263:  MOVLB  02
0264:  BSF    1D.6
....................    // Set RA5 as SS pin 
....................    PIN_SS_SELECT = 1; 
0265:  BSF    1D.5
0266:  MOVLP  00
0267:  MOVLB  00
0268:  GOTO   516 (RETURN)
....................    // Set RB5 as TX pin 
....................    //PIN_TX_SELECT = 1; 
.................... } 
....................  
.................... void set_pullups() 
.................... { 
.................... OPTION_WPUEN   = 0; 
*
025B:  MOVLB  01
025C:  BCF    15.7
.................... WPUB_B0        = 1; 
025D:  MOVLB  04
025E:  BSF    0D.0
.................... WPUB_B3        = 1; 
025F:  BSF    0D.3
0260:  MOVLP  00
0261:  MOVLB  00
0262:  GOTO   515 (RETURN)
.................... } 
....................  
.................... // Sets the motor state 
.................... void md_set_state(State value) 
.................... { 
....................    output_bit(DRV_SLEEP, value);                                    // Set enable pin to given motor state 
*
0285:  MOVF   31,F
0286:  BTFSS  03.2
0287:  GOTO   28C
0288:  MOVLB  02
0289:  BCF    0C.1
028A:  GOTO   28E
028B:  MOVLB  00
028C:  MOVLB  02
028D:  BSF    0C.1
028E:  MOVLB  01
028F:  BCF    0C.1
0290:  MOVLB  00
0291:  RETURN
.................... } 
.................... // Sets the motion direction 
.................... void md_set_direction(Direction value) 
.................... { 
....................       restart_wdt();//watchdog sýfýrlanacak 
*
03CD:  CLRWDT
....................       output_bit(DRV_DIR, !value);                                     // Set direction pin to given value. !!NOT is needed DO NOT REMOVE!! 
03CE:  MOVF   26,F
03CF:  BTFSC  03.2
03D0:  GOTO   3D5
03D1:  MOVLB  02
03D2:  BCF    0C.4
03D3:  GOTO   3D7
03D4:  MOVLB  00
03D5:  MOVLB  02
03D6:  BSF    0C.4
03D7:  MOVLB  01
03D8:  BCF    0C.4
03D9:  MOVLB  00
03DA:  RETURN
.................... } 
.................... // Initializes motor driver 
.................... void md_init() 
.................... { 
....................    md_set_state(OFF);                                                 // Motor off 
*
0292:  CLRF   31
0293:  CALL   285
....................    output_high(DRV_DIR);                                              // Direction control pin can be in any state 
0294:  MOVLB  01
0295:  BCF    0C.4
0296:  MOVLB  02
0297:  BSF    0C.4
....................    output_high(DRV_STEP);                                             // Keep step input pin high (A low-to-high transition advances the motor one increment  
0298:  MOVLB  01
0299:  BCF    0C.7
029A:  MOVLB  02
029B:  BSF    0C.7
....................     
....................       output_high(SPI_CS); 
029C:  MOVLB  01
029D:  BCF    0D.2
029E:  MOVLB  02
029F:  BSF    0D.2
....................                     //FEDCBA98 
....................    int Ctrl_1     = 0b00001100; 
....................                     //76543210 
....................    int Ctrl_0     = 0b00011001; 
02A0:  MOVLW  0C
02A1:  MOVLB  00
02A2:  MOVWF  21
02A3:  MOVLW  19
02A4:  MOVWF  22
....................    SPI_SSP1BUF = Ctrl_1; 
02A5:  MOVLB  04
02A6:  CLRF   12
02A7:  MOVLB  00
02A8:  MOVF   21,W
02A9:  MOVLB  04
02AA:  MOVWF  11
....................    while (!SPI_FLAG); 
02AB:  MOVLB  00
02AC:  BTFSS  11.3
02AD:  GOTO   2AC
....................    SPI_FLAG = 0; 
02AE:  BCF    11.3
....................    SPI_SSP1BUF = Ctrl_0; 
02AF:  MOVLB  04
02B0:  CLRF   12
02B1:  MOVLB  00
02B2:  MOVF   22,W
02B3:  MOVLB  04
02B4:  MOVWF  11
....................    while (!SPI_FLAG); 
02B5:  MOVLB  00
02B6:  BTFSS  11.3
02B7:  GOTO   2B6
....................    SPI_FLAG = 0; 
02B8:  BCF    11.3
....................    output_low(SPI_CS); 
02B9:  MOVLB  01
02BA:  BCF    0D.2
02BB:  MOVLB  02
02BC:  BCF    0D.2
....................    delay_ms(10); 
02BD:  MOVLW  0A
02BE:  MOVLB  00
02BF:  MOVWF  31
02C0:  CALL   246
....................  
....................    output_high(SPI_CS); 
02C1:  MOVLB  01
02C2:  BCF    0D.2
02C3:  MOVLB  02
02C4:  BSF    0D.2
....................                     //FEDCBA98 
....................    int Torque_1   = 0b00010000; 
....................                     //76543210 
....................    int Torque_0   = 0b10110111; 
02C5:  MOVLW  10
02C6:  MOVLB  00
02C7:  MOVWF  23
02C8:  MOVLW  B7
02C9:  MOVWF  24
....................    SPI_SSP1BUF = Torque_1; 
02CA:  MOVLB  04
02CB:  CLRF   12
02CC:  MOVLB  00
02CD:  MOVF   23,W
02CE:  MOVLB  04
02CF:  MOVWF  11
....................    while (!SPI_FLAG); 
02D0:  MOVLB  00
02D1:  BTFSS  11.3
02D2:  GOTO   2D1
....................    SPI_FLAG = 0; 
02D3:  BCF    11.3
....................    SPI_SSP1BUF = Torque_0; 
02D4:  MOVLB  04
02D5:  CLRF   12
02D6:  MOVLB  00
02D7:  MOVF   24,W
02D8:  MOVLB  04
02D9:  MOVWF  11
....................    while (!SPI_FLAG); 
02DA:  MOVLB  00
02DB:  BTFSS  11.3
02DC:  GOTO   2DB
....................    SPI_FLAG = 0; 
02DD:  BCF    11.3
....................    output_low(SPI_CS); 
02DE:  MOVLB  01
02DF:  BCF    0D.2
02E0:  MOVLB  02
02E1:  BCF    0D.2
....................    delay_ms(10); 
02E2:  MOVLW  0A
02E3:  MOVLB  00
02E4:  MOVWF  31
02E5:  CALL   246
....................     
....................    output_high(SPI_CS); 
02E6:  MOVLB  01
02E7:  BCF    0D.2
02E8:  MOVLB  02
02E9:  BSF    0D.2
....................                     //FEDCBA98 
....................    int Off_1      = 0b00100000; 
....................                     //76543210 
....................    int Off_0      = 0b01111001; 
02EA:  MOVLW  20
02EB:  MOVLB  00
02EC:  MOVWF  25
02ED:  MOVLW  79
02EE:  MOVWF  26
....................    SPI_SSP1BUF = Off_1; 
02EF:  MOVLB  04
02F0:  CLRF   12
02F1:  MOVLB  00
02F2:  MOVF   25,W
02F3:  MOVLB  04
02F4:  MOVWF  11
....................    while (!SPI_FLAG); 
02F5:  MOVLB  00
02F6:  BTFSS  11.3
02F7:  GOTO   2F6
....................    SPI_FLAG = 0; 
02F8:  BCF    11.3
....................    SPI_SSP1BUF = Off_0; 
02F9:  MOVLB  04
02FA:  CLRF   12
02FB:  MOVLB  00
02FC:  MOVF   26,W
02FD:  MOVLB  04
02FE:  MOVWF  11
....................    while (!SPI_FLAG); 
02FF:  MOVLB  00
0300:  BTFSS  11.3
0301:  GOTO   300
....................    SPI_FLAG = 0; 
0302:  BCF    11.3
....................    output_low(SPI_CS); 
0303:  MOVLB  01
0304:  BCF    0D.2
0305:  MOVLB  02
0306:  BCF    0D.2
....................    delay_ms(10); 
0307:  MOVLW  0A
0308:  MOVLB  00
0309:  MOVWF  31
030A:  CALL   246
....................     
....................    output_high(SPI_CS); 
030B:  MOVLB  01
030C:  BCF    0D.2
030D:  MOVLB  02
030E:  BSF    0D.2
....................                     //FEDCBA98 
....................    int Blank_1    = 0b00110001; 
....................                     //76543210 
....................    int Blank_0    = 0b10010110; 
030F:  MOVLW  31
0310:  MOVLB  00
0311:  MOVWF  27
0312:  MOVLW  96
0313:  MOVWF  28
....................    SPI_SSP1BUF = Blank_1; 
0314:  MOVLB  04
0315:  CLRF   12
0316:  MOVLB  00
0317:  MOVF   27,W
0318:  MOVLB  04
0319:  MOVWF  11
....................    while (!SPI_FLAG); 
031A:  MOVLB  00
031B:  BTFSS  11.3
031C:  GOTO   31B
....................    SPI_FLAG = 0; 
031D:  BCF    11.3
....................    SPI_SSP1BUF = Blank_0; 
031E:  MOVLB  04
031F:  CLRF   12
0320:  MOVLB  00
0321:  MOVF   28,W
0322:  MOVLB  04
0323:  MOVWF  11
....................    while (!SPI_FLAG); 
0324:  MOVLB  00
0325:  BTFSS  11.3
0326:  GOTO   325
....................    SPI_FLAG = 0; 
0327:  BCF    11.3
....................    output_low(SPI_CS); 
0328:  MOVLB  01
0329:  BCF    0D.2
032A:  MOVLB  02
032B:  BCF    0D.2
....................    delay_ms(10); 
032C:  MOVLW  0A
032D:  MOVLB  00
032E:  MOVWF  31
032F:  CALL   246
....................     
....................    output_high(SPI_CS); 
0330:  MOVLB  01
0331:  BCF    0D.2
0332:  MOVLB  02
0333:  BSF    0D.2
....................                     //FEDCBA98 
....................    int Decay_1    = 0b01000101; 
....................                     //76543210 
....................    int Decay_0    = 0b00011100; 
0334:  MOVLW  45
0335:  MOVLB  00
0336:  MOVWF  29
0337:  MOVLW  1C
0338:  MOVWF  2A
....................    SPI_SSP1BUF = Decay_1; 
0339:  MOVLB  04
033A:  CLRF   12
033B:  MOVLB  00
033C:  MOVF   29,W
033D:  MOVLB  04
033E:  MOVWF  11
....................    while (!SPI_FLAG); 
033F:  MOVLB  00
0340:  BTFSS  11.3
0341:  GOTO   340
....................    SPI_FLAG = 0; 
0342:  BCF    11.3
....................    SPI_SSP1BUF = Decay_0; 
0343:  MOVLB  04
0344:  CLRF   12
0345:  MOVLB  00
0346:  MOVF   2A,W
0347:  MOVLB  04
0348:  MOVWF  11
....................    while (!SPI_FLAG); 
0349:  MOVLB  00
034A:  BTFSS  11.3
034B:  GOTO   34A
....................    SPI_FLAG = 0; 
034C:  BCF    11.3
....................    output_low(SPI_CS); 
034D:  MOVLB  01
034E:  BCF    0D.2
034F:  MOVLB  02
0350:  BCF    0D.2
....................    delay_ms(10); 
0351:  MOVLW  0A
0352:  MOVLB  00
0353:  MOVWF  31
0354:  CALL   246
....................     
....................    output_high(SPI_CS); 
0355:  MOVLB  01
0356:  BCF    0D.2
0357:  MOVLB  02
0358:  BSF    0D.2
....................    int Stall_1    = 0b01011001; 
....................    int Stall_0    = 0b00010100; 
0359:  MOVLW  59
035A:  MOVLB  00
035B:  MOVWF  2B
035C:  MOVLW  14
035D:  MOVWF  2C
....................    SPI_SSP1BUF = Stall_1; 
035E:  MOVLB  04
035F:  CLRF   12
0360:  MOVLB  00
0361:  MOVF   2B,W
0362:  MOVLB  04
0363:  MOVWF  11
....................    while (!SPI_FLAG); 
0364:  MOVLB  00
0365:  BTFSS  11.3
0366:  GOTO   365
....................    SPI_FLAG = 0; 
0367:  BCF    11.3
....................    SPI_SSP1BUF = Stall_0; 
0368:  MOVLB  04
0369:  CLRF   12
036A:  MOVLB  00
036B:  MOVF   2C,W
036C:  MOVLB  04
036D:  MOVWF  11
....................    while (!SPI_FLAG); 
036E:  MOVLB  00
036F:  BTFSS  11.3
0370:  GOTO   36F
....................    SPI_FLAG = 0; 
0371:  BCF    11.3
....................    output_low(SPI_CS); 
0372:  MOVLB  01
0373:  BCF    0D.2
0374:  MOVLB  02
0375:  BCF    0D.2
....................    delay_ms(10); 
0376:  MOVLW  0A
0377:  MOVLB  00
0378:  MOVWF  31
0379:  CALL   246
....................     
....................    output_high(SPI_CS); 
037A:  MOVLB  01
037B:  BCF    0D.2
037C:  MOVLB  02
037D:  BSF    0D.2
....................                     //FEDCBA98 
....................    int Drive_1    = 0b01101010; 
....................                     //76543210 
....................    int Drive_0    = 0b10100000; 
037E:  MOVLW  6A
037F:  MOVLB  00
0380:  MOVWF  2D
0381:  MOVLW  A0
0382:  MOVWF  2E
....................    SPI_SSP1BUF = Drive_1; 
0383:  MOVLB  04
0384:  CLRF   12
0385:  MOVLB  00
0386:  MOVF   2D,W
0387:  MOVLB  04
0388:  MOVWF  11
....................    while (!SPI_FLAG); 
0389:  MOVLB  00
038A:  BTFSS  11.3
038B:  GOTO   38A
....................    SPI_FLAG = 0; 
038C:  BCF    11.3
....................    SPI_SSP1BUF = Drive_0; 
038D:  MOVLB  04
038E:  CLRF   12
038F:  MOVLB  00
0390:  MOVF   2E,W
0391:  MOVLB  04
0392:  MOVWF  11
....................    while (!SPI_FLAG); 
0393:  MOVLB  00
0394:  BTFSS  11.3
0395:  GOTO   394
....................    SPI_FLAG = 0; 
0396:  BCF    11.3
....................    output_low(SPI_CS); 
0397:  MOVLB  01
0398:  BCF    0D.2
0399:  MOVLB  02
039A:  BCF    0D.2
....................    delay_ms(10); 
039B:  MOVLW  0A
039C:  MOVLB  00
039D:  MOVWF  31
039E:  CALL   246
....................     
....................    output_high(SPI_CS); 
039F:  MOVLB  01
03A0:  BCF    0D.2
03A1:  MOVLB  02
03A2:  BSF    0D.2
....................    int Status_1   = 0b01110000; 
....................    int Status_0   = 0b00000000; 
03A3:  MOVLW  70
03A4:  MOVLB  00
03A5:  MOVWF  2F
03A6:  CLRF   30
....................    SPI_SSP1BUF = Status_1; 
03A7:  MOVLB  04
03A8:  CLRF   12
03A9:  MOVLB  00
03AA:  MOVF   2F,W
03AB:  MOVLB  04
03AC:  MOVWF  11
....................    while (!SPI_FLAG); 
03AD:  MOVLB  00
03AE:  BTFSS  11.3
03AF:  GOTO   3AE
....................    SPI_FLAG = 0; 
03B0:  BCF    11.3
....................    SPI_SSP1BUF = Status_0; 
03B1:  MOVLB  04
03B2:  CLRF   12
03B3:  MOVLB  00
03B4:  MOVF   30,W
03B5:  MOVLB  04
03B6:  MOVWF  11
....................    while (!SPI_FLAG); 
03B7:  MOVLB  00
03B8:  BTFSS  11.3
03B9:  GOTO   3B8
....................    SPI_FLAG = 0; 
03BA:  BCF    11.3
....................    output_low(SPI_CS); 
03BB:  MOVLB  01
03BC:  BCF    0D.2
03BD:  MOVLB  02
03BE:  BCF    0D.2
....................    delay_ms(10); 
03BF:  MOVLW  0A
03C0:  MOVLB  00
03C1:  MOVWF  31
03C2:  CALL   246
....................     
....................    output_low(DRV_SLEEP); 
03C3:  MOVLB  01
03C4:  BCF    0C.1
03C5:  MOVLB  02
03C6:  BCF    0C.1
....................    delay_ms(100); 
03C7:  MOVLW  64
03C8:  MOVLB  00
03C9:  MOVWF  31
03CA:  CALL   246
03CB:  MOVLP  00
03CC:  GOTO   519 (RETURN)
.................... } 
....................  
.................... // Starts motion cycle 
.................... void motion_cycle() 
*
03ED:  CLRF   22
03EE:  CLRF   21
03EF:  CLRF   24
03F0:  CLRF   23
03F1:  BCF    25.0
.................... { 
....................    // Start cycle 
....................    int16 step_count = 0; 
....................    int16 period     = 0; 
....................    int1  running    = 0; 
....................     
....................    while(true) 
....................    { 
....................       if(!input(BT_UP)) 
03F2:  MOVLB  01
03F3:  BSF    0D.3
03F4:  MOVLB  00
03F5:  BTFSC  0D.3
03F6:  GOTO   419
....................       { 
....................          if(input(LM_UP) == 0 && running == 0) 
03F7:  MOVLB  01
03F8:  BSF    0C.2
03F9:  MOVLB  00
03FA:  BTFSC  0C.2
03FB:  GOTO   403
03FC:  BTFSC  25.0
03FD:  GOTO   403
....................          { 
....................             md_set_direction(UP); 
03FE:  CLRF   26
03FF:  CALL   3CD
....................             motion_state = WALK; 
0400:  MOVLW  01
0401:  MOVWF  20
....................          } 
0402:  GOTO   418
....................          else if(input(LM_UP) && running == 1) 
0403:  MOVLB  01
0404:  BSF    0C.2
0405:  MOVLB  00
0406:  BTFSS  0C.2
0407:  GOTO   418
0408:  BTFSS  25.0
0409:  GOTO   418
....................          { 
....................             if(motion_state == ACC || motion_state == RUN) 
040A:  MOVF   20,F
040B:  BTFSC  03.2
040C:  GOTO   411
040D:  MOVF   20,W
040E:  SUBLW  02
040F:  BTFSS  03.2
0410:  GOTO   414
....................                motion_state = DEC; 
0411:  MOVLW  03
0412:  MOVWF  20
0413:  GOTO   418
....................             else if(motion_state == WALK) 
0414:  DECFSZ 20,W
0415:  GOTO   418
....................                motion_state = STEADY; 
0416:  MOVLW  04
0417:  MOVWF  20
....................          } 
....................       } 
0418:  GOTO   44F
....................       else if(!input(BT_DOWN)) 
0419:  MOVLB  01
041A:  BSF    0D.0
041B:  MOVLB  00
041C:  BTFSC  0D.0
041D:  GOTO   441
....................       { 
....................          if(input(LM_DOWN) == 0 && running == 0) 
041E:  MOVLB  01
041F:  BSF    0C.3
0420:  MOVLB  00
0421:  BTFSC  0C.3
0422:  GOTO   42B
0423:  BTFSC  25.0
0424:  GOTO   42B
....................          { 
....................             md_set_direction(DOWN); 
0425:  MOVLW  01
0426:  MOVWF  26
0427:  CALL   3CD
....................             motion_state = WALK; 
0428:  MOVLW  01
0429:  MOVWF  20
....................          } 
042A:  GOTO   440
....................          else if(input(LM_DOWN) && running == 1) 
042B:  MOVLB  01
042C:  BSF    0C.3
042D:  MOVLB  00
042E:  BTFSS  0C.3
042F:  GOTO   440
0430:  BTFSS  25.0
0431:  GOTO   440
....................          { 
....................             if(motion_state == ACC || motion_state == RUN) 
0432:  MOVF   20,F
0433:  BTFSC  03.2
0434:  GOTO   439
0435:  MOVF   20,W
0436:  SUBLW  02
0437:  BTFSS  03.2
0438:  GOTO   43C
....................                motion_state = DEC; 
0439:  MOVLW  03
043A:  MOVWF  20
043B:  GOTO   440
....................             else if(motion_state == WALK) 
043C:  DECFSZ 20,W
043D:  GOTO   440
....................                motion_state = STEADY; 
043E:  MOVLW  04
043F:  MOVWF  20
....................          } 
....................       } 
0440:  GOTO   44F
....................       else 
....................       { 
....................          if(motion_state == ACC || motion_state == RUN) 
0441:  MOVF   20,F
0442:  BTFSC  03.2
0443:  GOTO   448
0444:  MOVF   20,W
0445:  SUBLW  02
0446:  BTFSS  03.2
0447:  GOTO   44B
....................             motion_state = DEC; 
0448:  MOVLW  03
0449:  MOVWF  20
044A:  GOTO   44F
....................          else if(motion_state == WALK) 
044B:  DECFSZ 20,W
044C:  GOTO   44F
....................             motion_state = STEADY; 
044D:  MOVLW  04
044E:  MOVWF  20
....................       } 
....................        
....................        
....................  
....................       switch(motion_state)  
044F:  MOVF   20,W
0450:  ADDLW  FB
0451:  BTFSC  03.0
0452:  GOTO   4C9
0453:  ADDLW  05
0454:  GOTO   4F1
....................       {  
....................          case WALK: 
....................             step_count++; 
0455:  INCF   21,F
0456:  BTFSC  03.2
0457:  INCF   22,F
....................           
....................             if(step_count == 1) 
0458:  DECFSZ 21,W
0459:  GOTO   466
045A:  MOVF   22,F
045B:  BTFSS  03.2
045C:  GOTO   466
....................             { 
....................                running = 1; 
045D:  BSF    25.0
....................                md_set_state(ON); 
045E:  MOVLW  01
045F:  MOVWF  31
0460:  CALL   285
....................                period = periods[0]; 
0461:  MOVLW  0A
0462:  MOVWF  24
0463:  MOVLW  28
0464:  MOVWF  23
....................             } 
0465:  GOTO   471
....................             else if(step_count == run_lim) 
0466:  MOVF   21,W
0467:  SUBLW  20
0468:  BTFSS  03.2
0469:  GOTO   471
046A:  MOVF   22,W
046B:  SUBLW  03
046C:  BTFSS  03.2
046D:  GOTO   471
....................             { 
....................                step_count   = 0; 
046E:  CLRF   22
046F:  CLRF   21
....................                motion_state = ACC; 
0470:  CLRF   20
....................             } 
....................             break; 
0471:  GOTO   4C9
....................          case ACC: 
....................             if(step_count == acc_lim - 1) 
0472:  MOVF   21,W
0473:  SUBLW  1C
0474:  BTFSS  03.2
0475:  GOTO   47A
0476:  DECFSZ 22,W
0477:  GOTO   47A
....................             { 
....................                motion_state = RUN; 
0478:  MOVLW  02
0479:  MOVWF  20
....................             } 
....................                 
....................             period = periods[step_count]; 
047A:  BCF    03.0
047B:  RLF    21,W
047C:  MOVWF  79
047D:  RLF    22,W
047E:  MOVWF  7A
047F:  MOVF   79,W
0480:  MOVWF  26
0481:  CALL   003
0482:  MOVWF  77
0483:  INCF   26,W
0484:  CALL   003
0485:  MOVWF  7A
0486:  MOVF   77,W
0487:  MOVWF  23
0488:  MOVF   7A,W
0489:  MOVWF  24
....................             step_count++; 
048A:  INCF   21,F
048B:  BTFSC  03.2
048C:  INCF   22,F
....................             break; 
048D:  GOTO   4C9
....................              
....................          case RUN: 
....................             period = periods[step_count - 1]; 
048E:  MOVLW  01
048F:  SUBWF  21,W
0490:  MOVWF  26
0491:  MOVLW  00
0492:  SUBWFC 22,W
0493:  MOVWF  27
0494:  BCF    03.0
0495:  RLF    26,W
0496:  MOVWF  79
0497:  RLF    27,W
0498:  MOVWF  7A
0499:  MOVF   79,W
049A:  MOVWF  26
049B:  CALL   003
049C:  MOVWF  77
049D:  INCF   26,W
049E:  CALL   003
049F:  MOVWF  7A
04A0:  MOVF   77,W
04A1:  MOVWF  23
04A2:  MOVF   7A,W
04A3:  MOVWF  24
....................             break; 
04A4:  GOTO   4C9
....................     
....................          case DEC: 
....................             step_count--; 
04A5:  MOVF   21,W
04A6:  BTFSC  03.2
04A7:  DECF   22,F
04A8:  DECFSZ 21,F
....................             // Check if we at last step 
....................             if(step_count == 0) 
04A9:  GOTO   4AF
04AA:  MOVF   22,F
04AB:  BTFSS  03.2
04AC:  GOTO   4AF
....................             { 
....................                motion_state = STEADY; 
04AD:  MOVLW  04
04AE:  MOVWF  20
....................             } 
....................                 
....................             period = periods[step_count]; 
04AF:  BCF    03.0
04B0:  RLF    21,W
04B1:  MOVWF  79
04B2:  RLF    22,W
04B3:  MOVWF  7A
04B4:  MOVF   79,W
04B5:  MOVWF  26
04B6:  CALL   003
04B7:  MOVWF  77
04B8:  INCF   26,W
04B9:  CALL   003
04BA:  MOVWF  7A
04BB:  MOVF   77,W
04BC:  MOVWF  23
04BD:  MOVF   7A,W
04BE:  MOVWF  24
....................             break; 
04BF:  GOTO   4C9
....................              
....................          case STEADY: 
....................             if(running) 
04C0:  BTFSS  25.0
04C1:  GOTO   4C9
....................             { 
....................                running    = 0; 
04C2:  BCF    25.0
....................                period     = 0; 
04C3:  CLRF   24
04C4:  CLRF   23
....................                step_count = 0; 
04C5:  CLRF   22
04C6:  CLRF   21
....................                md_set_state(OFF); 
04C7:  CLRF   31
04C8:  CALL   285
....................             } 
....................             break; 
....................       } 
....................     
....................       if(running) 
04C9:  BTFSS  25.0
04CA:  GOTO   4EE
....................       {   
....................          delay_us(off_time); 
04CB:  MOVLW  84
04CC:  MOVWF  77
04CD:  DECFSZ 77,F
04CE:  GOTO   4CD
04CF:  GOTO   4D0
04D0:  NOP
....................          output_low(DRV_STEP); 
04D1:  MOVLB  01
04D2:  BCF    0C.7
04D3:  MOVLB  02
04D4:  BCF    0C.7
....................          delay_us(period - off_time); 
04D5:  MOVLW  32
04D6:  MOVLB  00
04D7:  SUBWF  23,W
04D8:  MOVWF  26
04D9:  MOVLW  00
04DA:  SUBWFC 24,W
04DB:  MOVWF  27
04DC:  MOVF   27,W
04DD:  MOVWF  28
04DE:  INCF   28,F
04DF:  DECF   28,F
04E0:  BTFSC  03.2
04E1:  GOTO   4E6
04E2:  MOVLW  FF
04E3:  MOVWF  29
04E4:  CALL   3DB
04E5:  GOTO   4DF
04E6:  MOVF   26,W
04E7:  MOVWF  29
04E8:  CALL   3DB
....................          output_high(DRV_STEP); 
04E9:  MOVLB  01
04EA:  BCF    0C.7
04EB:  MOVLB  02
04EC:  BSF    0C.7
04ED:  MOVLB  00
....................       } 
04EE:  GOTO   3F2
....................    } 
04EF:  MOVLP  00
04F0:  GOTO   52A (RETURN)
.................... } 
....................  
.................... // Main method 
.................... void main() 
*
04FA:  MOVLW  F0
04FB:  MOVLB  01
04FC:  MOVWF  19
04FD:  MOVLW  04
04FE:  MOVLB  00
04FF:  MOVWF  20
0500:  MOVLB  03
0501:  CLRF   0C
0502:  CLRF   0D
0503:  MOVLB  02
0504:  CLRF   12
0505:  CLRF   11
0506:  CLRF   14
0507:  CLRF   13
.................... { 
....................    //             76543210 
....................      set_tris_a(0b00001100);       // Set I/O states of the ports 
0508:  MOVLW  0C
0509:  TRIS   5
....................      set_tris_b(0b11001011); 
050A:  MOVLW  CB
050B:  TRIS   6
....................     
....................    delay_ms(500); 
050C:  MOVLW  02
050D:  MOVLB  00
050E:  MOVWF  21
050F:  MOVLW  FA
0510:  MOVWF  31
0511:  CALL   246
0512:  DECFSZ 21,F
0513:  GOTO   50F
....................     
....................    //fprintf(RS232,"\n\n\rMODESIS LASER POSITIONING STAGE\n\n\r"); 
....................     
....................    set_pullups(); 
0514:  GOTO   25B
....................    set_pins(); 
0515:  GOTO   263
....................    set_SPI(); 
0516:  GOTO   269
....................    set_variables(); 
0517:  GOTO   276
....................    md_init(); // Initialize motor driver 
0518:  GOTO   292
....................    md_set_state(ON); 
0519:  MOVLW  01
051A:  MOVWF  31
051B:  CALL   285
....................    delay_ms(500); 
051C:  MOVLW  02
051D:  MOVWF  21
051E:  MOVLW  FA
051F:  MOVWF  31
0520:  CALL   246
0521:  DECFSZ 21,F
0522:  GOTO   51E
....................    md_set_state(OFF); 
0523:  CLRF   31
0524:  CALL   285
....................    setup_wdt(WDT_256S); 
0525:  MOVLW  25
0526:  MOVLB  01
0527:  MOVWF  17
....................    motion_cycle();                                                      // Start motion cycle 
0528:  MOVLB  00
0529:  GOTO   3ED
.................... } 
052A:  SLEEP

Configuration Fuses:
   Word  1: 0E44   INTRC_IO NOWDT PUT MCLR PROTECT CPD BROWNOUT NOCLKOUT NOIESO NOFCMEN
   Word  2: 1AFF   NOWRT PLL_SW STVREN BORV25 NODEBUG NOLVP
