CCS PCM C Compiler, Version 5.008, 5967               23-Eyl-14 15:11

               Filename:   C:\Users\osman_000\Desktop\yuklenmis kodlar\tobb - Copy\Götürülecek Kodlar\SON\motor_sürücü_kodu_256x\X Motoru.lst

               ROM used:   1940 words (95%)
                           Largest free fragment is 107
               RAM used:   23 (7%) at main() level
                           93 (28%) worst case
               Stack used: 5 locations (4 in main + 1 for interrupts)
               Stack size: 16

*
0000:  MOVLP  00
0001:  GOTO   71D
0002:  NOP
*
0004:  CLRF   03
0005:  MOVLP  00
0006:  MOVLB  00
0007:  MOVF   77,W
0008:  MOVWF  20
0009:  MOVF   78,W
000A:  MOVWF  21
000B:  MOVF   79,W
000C:  MOVWF  22
000D:  MOVF   7A,W
000E:  MOVWF  23
000F:  MOVF   7B,W
0010:  MOVWF  24
0011:  CLRF   05
0012:  MOVLW  91
0013:  MOVWF  04
0014:  BTFSS  00.5
0015:  GOTO   018
0016:  BTFSC  11.5
0017:  GOTO   284
0018:  MOVF   20,W
0019:  MOVWF  77
001A:  MOVF   21,W
001B:  MOVWF  78
001C:  MOVF   22,W
001D:  MOVWF  79
001E:  MOVF   23,W
001F:  MOVWF  7A
0020:  MOVF   24,W
0021:  MOVWF  7B
0022:  RETFIE
.................... #INCLUDE <16f1826.h>  
.................... //////// Standard Header file for the PIC16F1826 device //////////////// 
.................... #device PIC16F1826 
0023:  MOVWF  7B
0024:  MOVLW  00
0025:  ADDWF  7A,W
0026:  MOVWF  0A
0027:  MOVF   7B,W
0028:  ADDLW  2C
0029:  BTFSC  03.0
002A:  INCF   0A,F
002B:  MOVWF  02
002C:  RETLW  64
002D:  RETLW  64
002E:  RETLW  64
002F:  RETLW  64
0030:  RETLW  64
0031:  RETLW  64
0032:  RETLW  64
0033:  RETLW  64
0034:  RETLW  64
0035:  RETLW  64
0036:  RETLW  64
0037:  RETLW  64
0038:  RETLW  64
0039:  RETLW  64
003A:  RETLW  64
003B:  RETLW  64
003C:  RETLW  64
003D:  RETLW  64
003E:  RETLW  64
003F:  RETLW  64
0040:  RETLW  64
0041:  RETLW  64
0042:  RETLW  64
0043:  RETLW  64
0044:  RETLW  64
0045:  RETLW  64
0046:  RETLW  64
0047:  RETLW  64
0048:  RETLW  64
0049:  RETLW  64
004A:  RETLW  64
004B:  RETLW  64
004C:  RETLW  64
004D:  RETLW  64
004E:  RETLW  64
004F:  RETLW  63
0050:  RETLW  63
0051:  RETLW  63
0052:  RETLW  63
0053:  RETLW  63
0054:  RETLW  63
0055:  RETLW  63
0056:  RETLW  63
0057:  RETLW  63
0058:  RETLW  63
0059:  RETLW  63
005A:  RETLW  63
005B:  RETLW  63
005C:  RETLW  63
005D:  RETLW  63
005E:  RETLW  62
005F:  RETLW  62
0060:  RETLW  62
0061:  RETLW  62
0062:  RETLW  62
0063:  RETLW  62
0064:  RETLW  62
0065:  RETLW  62
0066:  RETLW  62
0067:  RETLW  62
0068:  RETLW  62
0069:  RETLW  62
006A:  RETLW  61
006B:  RETLW  61
006C:  RETLW  61
006D:  RETLW  61
006E:  RETLW  61
006F:  RETLW  61
0070:  RETLW  61
0071:  RETLW  61
0072:  RETLW  61
0073:  RETLW  61
0074:  RETLW  60
0075:  RETLW  60
0076:  RETLW  60
0077:  RETLW  60
0078:  RETLW  60
0079:  RETLW  60
007A:  RETLW  60
007B:  RETLW  60
007C:  RETLW  60
007D:  RETLW  5F
007E:  RETLW  5F
007F:  RETLW  5F
0080:  RETLW  5F
0081:  RETLW  5F
0082:  RETLW  5F
0083:  RETLW  5F
0084:  RETLW  5F
0085:  RETLW  5E
0086:  RETLW  5E
0087:  RETLW  5E
0088:  RETLW  5E
0089:  RETLW  5E
008A:  RETLW  5E
008B:  RETLW  5E
008C:  RETLW  5E
008D:  RETLW  5D
008E:  RETLW  5D
008F:  RETLW  5D
0090:  RETLW  5D
0091:  RETLW  5D
0092:  RETLW  5D
0093:  RETLW  5D
0094:  RETLW  5C
0095:  RETLW  5C
0096:  RETLW  5C
0097:  RETLW  5C
0098:  RETLW  5C
0099:  RETLW  5C
009A:  RETLW  5C
009B:  RETLW  5B
009C:  RETLW  5B
009D:  RETLW  5B
009E:  RETLW  5B
009F:  RETLW  5B
00A0:  RETLW  5B
00A1:  RETLW  5A
00A2:  RETLW  5A
00A3:  RETLW  5A
00A4:  RETLW  5A
00A5:  RETLW  5A
00A6:  RETLW  5A
00A7:  RETLW  59
00A8:  RETLW  59
00A9:  RETLW  59
00AA:  RETLW  59
00AB:  RETLW  59
00AC:  RETLW  59
00AD:  RETLW  58
00AE:  RETLW  58
00AF:  RETLW  58
00B0:  RETLW  58
00B1:  RETLW  58
00B2:  RETLW  58
00B3:  RETLW  57
00B4:  RETLW  57
00B5:  RETLW  57
00B6:  RETLW  57
00B7:  RETLW  57
00B8:  RETLW  57
00B9:  RETLW  56
00BA:  RETLW  56
00BB:  RETLW  56
00BC:  RETLW  56
00BD:  RETLW  56
00BE:  RETLW  55
00BF:  RETLW  55
00C0:  RETLW  55
00C1:  RETLW  55
00C2:  RETLW  55
00C3:  RETLW  55
00C4:  RETLW  54
00C5:  RETLW  54
00C6:  RETLW  54
00C7:  RETLW  54
00C8:  RETLW  54
00C9:  RETLW  53
00CA:  RETLW  53
00CB:  RETLW  53
00CC:  RETLW  53
00CD:  RETLW  53
00CE:  RETLW  52
00CF:  RETLW  52
00D0:  RETLW  52
00D1:  RETLW  52
00D2:  RETLW  52
00D3:  RETLW  51
00D4:  RETLW  51
00D5:  RETLW  51
00D6:  RETLW  51
00D7:  RETLW  51
00D8:  RETLW  50
00D9:  RETLW  50
00DA:  RETLW  50
00DB:  RETLW  50
00DC:  RETLW  50
00DD:  RETLW  4F
00DE:  RETLW  4F
00DF:  RETLW  4F
00E0:  RETLW  4F
00E1:  RETLW  4F
00E2:  RETLW  4E
00E3:  RETLW  4E
00E4:  RETLW  4E
00E5:  RETLW  4E
00E6:  RETLW  4D
00E7:  RETLW  4D
00E8:  RETLW  4D
00E9:  RETLW  4D
00EA:  RETLW  4D
00EB:  RETLW  4C
00EC:  RETLW  4C
00ED:  RETLW  4C
00EE:  RETLW  4C
00EF:  RETLW  4C
00F0:  RETLW  4B
00F1:  RETLW  4B
00F2:  RETLW  4B
00F3:  RETLW  4B
00F4:  RETLW  4A
00F5:  RETLW  4A
00F6:  RETLW  4A
00F7:  RETLW  4A
00F8:  RETLW  4A
00F9:  RETLW  49
00FA:  RETLW  49
00FB:  RETLW  49
00FC:  RETLW  49
00FD:  RETLW  48
00FE:  RETLW  48
00FF:  RETLW  48
0100:  RETLW  48
0101:  RETLW  47
0102:  RETLW  47
0103:  RETLW  47
0104:  RETLW  47
0105:  RETLW  47
0106:  RETLW  46
0107:  RETLW  46
0108:  RETLW  46
0109:  RETLW  46
010A:  RETLW  45
010B:  RETLW  45
010C:  RETLW  45
010D:  RETLW  45
010E:  RETLW  44
010F:  RETLW  44
0110:  RETLW  44
0111:  RETLW  44
0112:  RETLW  44
0113:  RETLW  43
0114:  RETLW  43
0115:  RETLW  43
0116:  RETLW  43
0117:  RETLW  42
0118:  RETLW  42
0119:  RETLW  42
011A:  RETLW  42
011B:  RETLW  41
011C:  RETLW  41
011D:  RETLW  41
011E:  RETLW  41
011F:  RETLW  40
0120:  RETLW  40
0121:  RETLW  40
0122:  RETLW  40
0123:  RETLW  3F
0124:  RETLW  3F
0125:  RETLW  3F
0126:  RETLW  3F
0127:  RETLW  3E
0128:  RETLW  3E
0129:  RETLW  3E
012A:  RETLW  3E
012B:  RETLW  3E
012C:  RETLW  3D
012D:  RETLW  3D
012E:  RETLW  3D
012F:  RETLW  3D
0130:  RETLW  3C
0131:  RETLW  3C
0132:  RETLW  3C
0133:  RETLW  3C
0134:  RETLW  3B
0135:  RETLW  3B
0136:  RETLW  3B
0137:  RETLW  3B
0138:  RETLW  3A
0139:  RETLW  3A
013A:  RETLW  3A
013B:  RETLW  3A
013C:  RETLW  39
013D:  RETLW  39
013E:  RETLW  39
013F:  RETLW  39
0140:  RETLW  38
0141:  RETLW  38
0142:  RETLW  38
0143:  RETLW  38
0144:  RETLW  37
0145:  RETLW  37
0146:  RETLW  37
0147:  RETLW  37
0148:  RETLW  36
0149:  RETLW  36
014A:  RETLW  36
014B:  RETLW  36
014C:  RETLW  35
014D:  RETLW  35
014E:  RETLW  35
014F:  RETLW  35
0150:  RETLW  34
0151:  RETLW  34
0152:  RETLW  34
0153:  RETLW  34
0154:  RETLW  33
0155:  RETLW  33
0156:  RETLW  33
0157:  RETLW  33
0158:  RETLW  32
0159:  RETLW  32
015A:  RETLW  32
015B:  RETLW  32
015C:  RETLW  31
015D:  RETLW  31
015E:  RETLW  31
015F:  RETLW  31
0160:  RETLW  30
0161:  RETLW  30
0162:  RETLW  30
0163:  RETLW  30
0164:  RETLW  2F
0165:  RETLW  2F
0166:  RETLW  2F
0167:  RETLW  2F
0168:  RETLW  2E
0169:  RETLW  2E
016A:  RETLW  2E
016B:  RETLW  2E
016C:  RETLW  2D
016D:  RETLW  2D
016E:  RETLW  2D
016F:  RETLW  2D
0170:  RETLW  2C
0171:  RETLW  2C
0172:  RETLW  2C
0173:  RETLW  2C
0174:  RETLW  2B
0175:  RETLW  2B
0176:  RETLW  2B
0177:  RETLW  2B
0178:  RETLW  2A
0179:  RETLW  2A
017A:  RETLW  2A
017B:  RETLW  2A
017C:  RETLW  29
017D:  RETLW  29
017E:  RETLW  29
017F:  RETLW  29
0180:  RETLW  28
0181:  RETLW  28
0182:  RETLW  28
0183:  RETLW  28
0184:  RETLW  27
0185:  RETLW  27
0186:  RETLW  27
0187:  RETLW  27
0188:  RETLW  27
0189:  RETLW  26
018A:  RETLW  26
018B:  RETLW  26
018C:  RETLW  26
018D:  RETLW  25
018E:  RETLW  25
018F:  RETLW  25
0190:  RETLW  25
0191:  RETLW  24
0192:  RETLW  24
0193:  RETLW  24
0194:  RETLW  24
0195:  RETLW  23
0196:  RETLW  23
0197:  RETLW  23
0198:  RETLW  23
0199:  RETLW  22
019A:  RETLW  22
019B:  RETLW  22
019C:  RETLW  22
019D:  RETLW  21
019E:  RETLW  21
019F:  RETLW  21
01A0:  RETLW  21
01A1:  RETLW  21
01A2:  RETLW  20
01A3:  RETLW  20
01A4:  RETLW  20
01A5:  RETLW  20
01A6:  RETLW  1F
01A7:  RETLW  1F
01A8:  RETLW  1F
01A9:  RETLW  1F
01AA:  RETLW  1E
01AB:  RETLW  1E
01AC:  RETLW  1E
01AD:  RETLW  1E
01AE:  RETLW  1E
01AF:  RETLW  1D
01B0:  RETLW  1D
01B1:  RETLW  1D
01B2:  RETLW  1D
01B3:  RETLW  1C
01B4:  RETLW  1C
01B5:  RETLW  1C
01B6:  RETLW  1C
01B7:  RETLW  1B
01B8:  RETLW  1B
01B9:  RETLW  1B
01BA:  RETLW  1B
01BB:  RETLW  1B
01BC:  RETLW  1A
01BD:  RETLW  1A
01BE:  RETLW  1A
01BF:  RETLW  1A
01C0:  RETLW  19
01C1:  RETLW  19
01C2:  RETLW  19
01C3:  RETLW  19
01C4:  RETLW  19
01C5:  RETLW  18
01C6:  RETLW  18
01C7:  RETLW  18
01C8:  RETLW  18
01C9:  RETLW  18
01CA:  RETLW  17
01CB:  RETLW  17
01CC:  RETLW  17
01CD:  RETLW  17
01CE:  RETLW  16
01CF:  RETLW  16
01D0:  RETLW  16
01D1:  RETLW  16
01D2:  RETLW  16
01D3:  RETLW  15
01D4:  RETLW  15
01D5:  RETLW  15
01D6:  RETLW  15
01D7:  RETLW  15
01D8:  RETLW  14
01D9:  RETLW  14
01DA:  RETLW  14
01DB:  RETLW  14
01DC:  RETLW  14
01DD:  RETLW  13
01DE:  RETLW  13
01DF:  RETLW  13
01E0:  RETLW  13
01E1:  RETLW  13
01E2:  RETLW  12
01E3:  RETLW  12
01E4:  RETLW  12
01E5:  RETLW  12
01E6:  RETLW  12
01E7:  RETLW  11
01E8:  RETLW  11
01E9:  RETLW  11
01EA:  RETLW  11
01EB:  RETLW  11
01EC:  RETLW  10
01ED:  RETLW  10
01EE:  RETLW  10
01EF:  RETLW  10
01F0:  RETLW  10
01F1:  RETLW  10
01F2:  RETLW  0F
01F3:  RETLW  0F
01F4:  RETLW  0F
01F5:  RETLW  0F
01F6:  RETLW  0F
01F7:  RETLW  0E
01F8:  RETLW  0E
01F9:  RETLW  0E
01FA:  RETLW  0E
01FB:  RETLW  0E
01FC:  RETLW  0E
01FD:  RETLW  0D
01FE:  RETLW  0D
01FF:  RETLW  0D
0200:  RETLW  0D
0201:  RETLW  0D
0202:  RETLW  0D
0203:  RETLW  0C
0204:  RETLW  0C
0205:  RETLW  0C
0206:  RETLW  0C
0207:  RETLW  0C
0208:  RETLW  0C
0209:  RETLW  0B
020A:  RETLW  0B
020B:  RETLW  0B
020C:  RETLW  0B
020D:  RETLW  0B
020E:  RETLW  0B
020F:  RETLW  0A
0210:  RETLW  0A
0211:  RETLW  0A
0212:  RETLW  0A
0213:  RETLW  0A
0214:  RETLW  0A
0215:  RETLW  09
0216:  RETLW  09
0217:  RETLW  09
0218:  RETLW  09
0219:  RETLW  09
021A:  RETLW  09
021B:  RETLW  09
021C:  RETLW  08
021D:  RETLW  08
021E:  RETLW  08
021F:  RETLW  08
0220:  RETLW  08
0221:  RETLW  08
0222:  RETLW  08
0223:  RETLW  07
0224:  RETLW  07
0225:  RETLW  07
0226:  RETLW  07
0227:  RETLW  07
0228:  RETLW  07
0229:  RETLW  07
022A:  RETLW  07
022B:  RETLW  06
022C:  RETLW  06
022D:  RETLW  06
022E:  RETLW  06
022F:  RETLW  06
0230:  RETLW  06
0231:  RETLW  06
0232:  RETLW  06
0233:  RETLW  05
0234:  RETLW  05
0235:  RETLW  05
0236:  RETLW  05
0237:  RETLW  05
0238:  RETLW  05
0239:  RETLW  05
023A:  RETLW  05
023B:  RETLW  05
023C:  RETLW  04
023D:  RETLW  04
023E:  RETLW  04
023F:  RETLW  04
0240:  RETLW  04
0241:  RETLW  04
0242:  RETLW  04
0243:  RETLW  04
0244:  RETLW  04
0245:  RETLW  04
0246:  RETLW  03
0247:  RETLW  03
0248:  RETLW  03
0249:  RETLW  03
024A:  RETLW  03
024B:  RETLW  03
024C:  RETLW  03
024D:  RETLW  03
024E:  RETLW  03
024F:  RETLW  03
0250:  RETLW  03
0251:  RETLW  03
0252:  RETLW  02
0253:  RETLW  02
0254:  RETLW  02
0255:  RETLW  02
0256:  RETLW  02
0257:  RETLW  02
0258:  RETLW  02
0259:  RETLW  02
025A:  RETLW  02
025B:  RETLW  02
025C:  RETLW  02
025D:  RETLW  02
025E:  RETLW  02
025F:  RETLW  02
0260:  RETLW  02
0261:  RETLW  01
0262:  RETLW  01
0263:  RETLW  01
0264:  RETLW  01
0265:  RETLW  01
0266:  RETLW  01
0267:  RETLW  01
0268:  RETLW  01
0269:  RETLW  01
026A:  RETLW  01
026B:  RETLW  01
026C:  RETLW  01
026D:  RETLW  01
026E:  RETLW  01
026F:  RETLW  01
0270:  RETLW  01
0271:  RETLW  01
0272:  RETLW  01
0273:  RETLW  01
0274:  RETLW  01
0275:  RETLW  01
0276:  RETLW  01
0277:  RETLW  01
0278:  RETLW  01
0279:  RETLW  01
027A:  RETLW  01
027B:  RETLW  01
027C:  RETLW  01
027D:  RETLW  01
027E:  RETLW  01
027F:  RETLW  01
0280:  RETLW  01
0281:  RETLW  01
0282:  RETLW  01
0283:  RETLW  01
*
0413:  MOVLW  20
0414:  MOVWF  68
0415:  CLRF   64
0416:  CLRF   65
0417:  CLRF   66
0418:  CLRF   67
0419:  MOVF   5F,W
041A:  MOVWF  7A
041B:  MOVF   5E,W
041C:  MOVWF  79
041D:  MOVF   5D,W
041E:  MOVWF  78
041F:  MOVF   5C,W
0420:  MOVWF  77
0421:  BCF    03.0
0422:  BTFSS  77.0
0423:  GOTO   432
0424:  MOVF   60,W
0425:  ADDWF  64,F
0426:  MOVF   61,W
0427:  BTFSC  03.0
0428:  INCFSZ 61,W
0429:  ADDWF  65,F
042A:  MOVF   62,W
042B:  BTFSC  03.0
042C:  INCFSZ 62,W
042D:  ADDWF  66,F
042E:  MOVF   63,W
042F:  BTFSC  03.0
0430:  INCFSZ 63,W
0431:  ADDWF  67,F
0432:  RRF    67,F
0433:  RRF    66,F
0434:  RRF    65,F
0435:  RRF    64,F
0436:  RRF    7A,F
0437:  RRF    79,F
0438:  RRF    78,F
0439:  RRF    77,F
043A:  DECFSZ 68,F
043B:  GOTO   421
043C:  RETURN
....................  
.................... #list 
....................  
....................  
.................... #FUSES INTRC_IO      // Internal RC clock (OSC1 and OSC2 pins are normal I/O) 
.................... #FUSES NOWDT         // Watch Dog Timer disabled 
.................... #FUSES PUT           // Power Up Timer enabled 
.................... #FUSES NOMCLR        // Master Clear pin is used for I/O 
.................... #FUSES PROTECT       // Code protected from reads 
.................... #FUSES CPD           // Data EEPROM code protected 
.................... #FUSES BROWNOUT      // Brownout Reset enabled 
.................... #FUSES BORV25        // Brownout Reset at 2.5V 
.................... #FUSES NOCLKOUT      // Disable clock output on OSC2 
.................... #FUSES NOIESO        // Internal External Switch Over Mode disabled 
.................... #FUSES NOFCMEN       // Fail-safe clock monitor disabled 
.................... #FUSES WRT           // Program memory write protected                                               
.................... #FUSES NOLVP         // Low Voltage Programming disabled 
....................  
.................... #USE   DELAY(internal = 32MHz) 
*
02BC:  MOVLW  20
02BD:  MOVWF  05
02BE:  MOVLW  4A
02BF:  MOVWF  04
02C0:  MOVF   00,W
02C1:  BTFSC  03.2
02C2:  GOTO   2D0
02C3:  MOVLW  0A
02C4:  MOVWF  78
02C5:  CLRF   77
02C6:  DECFSZ 77,F
02C7:  GOTO   2C6
02C8:  DECFSZ 78,F
02C9:  GOTO   2C5
02CA:  MOVLW  5F
02CB:  MOVWF  77
02CC:  DECFSZ 77,F
02CD:  GOTO   2CC
02CE:  DECFSZ 00,F
02CF:  GOTO   2C3
02D0:  RETURN
*
031B:  MOVLW  02
031C:  SUBWF  6D,F
031D:  BTFSS  03.0
031E:  GOTO   32C
031F:  MOVLW  20
0320:  MOVWF  05
0321:  MOVLW  4D
0322:  MOVWF  04
0323:  MOVF   00,W
0324:  BTFSC  03.2
0325:  GOTO   32C
0326:  GOTO   32A
0327:  GOTO   328
0328:  GOTO   329
0329:  NOP
032A:  DECFSZ 00,F
032B:  GOTO   327
032C:  RETURN
.................... #USE   RS232(stream=RS232, baud=38400, xmit=PIN_B5, rcv=PIN_B2, parity=N, bits=8, stop=1) 
*
0315:  BTFSS  11.4
0316:  GOTO   315
0317:  MOVLB  03
0318:  MOVWF  1A
0319:  MOVLB  00
031A:  RETURN
....................  
.................... #DEFINE DRV_STEP           PIN_A0                  // Step output pin to driver (Rising edge causes the indexer to move one step) 
.................... #DEFINE DRV_RESET          PIN_A1                  // Reset output pin to driver (Active-high reset input initializes all internal logic and disables the Hbridge outputs. Internal pulldown.) 
.................... #DEFINE DRV_DIR            PIN_A4                  // Direction output pin to driver (Logic level, sets the direction of stepping) 
.................... #DEFINE SPI_SDO            PIN_A6                  // SPI data output pin 
.................... #DEFINE SPI_CS             PIN_A7                  // SPI chip select pin 
.................... #DEFINE SPI_SDI            PIN_B1                  // SPI data input pin 
.................... #DEFINE SPI_SCK            PIN_B4                  // SPI clock output pin 
.................... #DEFINE DRV_STALL          PIN_B6                  // Stall input pin from driver (Internal stall detect mode: logic low when motor stall detected. Pull up mevcut) 
.................... #DEFINE DRV_FAULT          PIN_B7                  // Fault input pin from driver (Logic low when in fault condition. Pull up mevcut) 
....................  
.................... #DEFINE LIMIT_SWITCH       PIN_A2                  // Fault output pin to user 
.................... #DEFINE USER_DIR           PIN_A3                  // Direction input pin from user 
.................... #DEFINE USER_STEP          PIN_B0                  // Step input pin from user 
.................... #DEFINE HOME_SWITCH        PIN_B3                  // Enable input pin from user 
....................  
.................... // SPI Registers 
.................... #WORD SPI_SSP1CON1   = 0x215                 // Synchronous serial port control register 
.................... #WORD SPI_SSP1STAT   = 0x214                 // Synchronous serial port status register 
.................... #WORD SPI_SSP1BUF    = 0x211                 // Synchronous serial port buffer register 
.................... #WORD SPI_PIR1       = 0x011                 // Peripheral interrupt request register 
.................... // Pin function control registers 
.................... #WORD PIN_APFCON0    = 0x11D                 // Alternate pin function control register 0 
.................... #WORD PIN_APFCON1    = 0x11E                 // Alternate pin function control register 1 
....................  
.................... // Bits of SSP1CON1 register 
.................... #BIT SPI_WRITE_FLAG     = SPI_SSP1CON1.7     // Synchronous serial port write collision detect bit 
.................... #BIT SPI_ENABLE         = SPI_SSP1CON1.5     // Synchronous serial port enable bit 
.................... #BIT SPI_CLOCK_POLARITY = SPI_SSP1CON1.4     // Synchronous serial port clock polarity select bit 
.................... #BIT SPI_MODE_3         = SPI_SSP1CON1.3     // Synchronous serial port mode select bits 
.................... #BIT SPI_MODE_2         = SPI_SSP1CON1.2    
.................... #BIT SPI_MODE_1         = SPI_SSP1CON1.1    
.................... #BIT SPI_MODE_0         = SPI_SSP1CON1.0   
....................  
.................... // Bits of SPI_SSP1STAT register 
.................... #BIT SPI_INPUT_SAMPLE   = SPI_SSP1STAT.7     // Synchronous serial port data input sample bit 
.................... #BIT SPI_CLOCK_EDGE     = SPI_SSP1STAT.6     // Synchronous serial port clock edge select bit 
.................... #BIT SPI_BUFFER_STATUS  = SPI_SSP1STAT.0     // Synchronous serial port buffer full status bit 
....................  
.................... // Bits of SPI_PIR1 register 
.................... #BIT SPI_FLAG           = SPI_PIR1.3         // Synchronous serial port interrupt flag bit 
....................  
.................... // Bits of PIN_APFCON0 register 
.................... #BIT PIN_SDO_SELECT     = PIN_APFCON0.6      // SDO pin selection bit  
.................... #BIT PIN_SS_SELECT      = PIN_APFCON0.5      // SS pin selection bit  
....................  
.................... unsigned int32 current_distance  = 0; 
.................... int1 reg_rs232_message           = 0; 
.................... int1 mode                        = 1; // mode = 0: 32x mode = 1: 256x 
....................  
.................... unsigned int16 pulse_per_turn    = 51200;   //limit bastýgýnda 1cm açabilmesi için gereken pulse 
.................... unsigned int16 delay             = 1; 
.................... unsigned int16 home_distance     = 18000; //step cinsinden home distance 
....................  
....................  
.................... unsigned int16 acc_lim           = 600;             // Number of steps before we hit max speed 
.................... unsigned int const periods[600]={ 
.................... 100,100,100,100,100,100,100,100,100,100,100,100,100,100,100,100,100,100,100,100,100,100,100,100,100, 
.................... 100,100,100,100,100,100,100,100,100,100,99,99,99,99,99,99,99,99,99,99,99,99,99,99,99,98,98,98,98,98,98, 
.................... 98,98,98,98,98,98,97,97,97,97,97,97,97,97,97,97,96,96,96,96,96,96,96,96,96,95,95,95,95,95,95,95,95,94,94, 
.................... 94,94,94,94,94,94,93,93,93,93,93,93,93,92,92,92,92,92,92,92,91,91,91,91,91,91,90,90,90,90,90,90,89,89,89, 
.................... 89,89,89,88,88,88,88,88,88,87,87,87,87,87,87,86,86,86,86,86,85,85,85,85,85,85,84,84,84,84,84,83,83,83,83, 
.................... 83,82,82,82,82,82,81,81,81,81,81,80,80,80,80,80,79,79,79,79,79,78,78,78,78,77,77,77,77,77,76,76,76,76,76, 
.................... 75,75,75,75,74,74,74,74,74,73,73,73,73,72,72,72,72,71,71,71,71,71,70,70,70,70,69,69,69,69,68,68,68,68,68, 
.................... 67,67,67,67,66,66,66,66,65,65,65,65,64,64,64,64,63,63,63,63,62,62,62,62,62,61,61,61,61,60,60,60,60,59,59, 
.................... 59,59,58,58,58,58,57,57,57,57,56,56,56,56,55,55,55,55,54,54,54,54,53,53,53,53,52,52,52,52,51,51,51,51,50, 
.................... 50,50,50,49,49,49,49,48,48,48,48,47,47,47,47,46,46,46,46,45,45,45,45,44,44,44,44,43,43,43,43,42,42,42,42, 
.................... 41,41,41,41,40,40,40,40,39,39,39,39,39,38,38,38,38,37,37,37,37,36,36,36,36,35,35,35,35,34,34,34,34,33,33, 
.................... 33,33,33,32,32,32,32,31,31,31,31,30,30,30,30,30,29,29,29,29,28,28,28,28,27,27,27,27,27,26,26,26,26,25,25, 
.................... 25,25,25,24,24,24,24,24,23,23,23,23,22,22,22,22,22,21,21,21,21,21,20,20,20,20,20,19,19,19,19,19,18,18,18, 
.................... 18,18,17,17,17,17,17,16,16,16,16,16,16,15,15,15,15,15,14,14,14,14,14,14,13,13,13,13,13,13,12,12,12,12,12, 
.................... 12,11,11,11,11,11,11,10,10,10,10,10,10,9,9,9,9,9,9,9,8,8,8,8,8,8,8,7,7,7,7,7,7,7,7,6,6,6,6,6,6,6,6,5,5,5, 
.................... 5,5,5,5,5,5,4,4,4,4,4,4,4,4,4,4,3,3,3,3,3,3,3,3,3,3,3,3,2,2,2,2,2,2,2,2,2,2,2,2,2,2,2,1,1,1,1,1,1,1,1,1,1, 
.................... 1,1,1,1,1,1,1,1,1,1,1,1,1,1,1,1,1,1,1,1,1,1,1,1,1}; 
.................... // Sets alternative pin functions 
.................... void set_pins() 
.................... { 
....................    // Set RA6 as SDO pin 
....................    PIN_SDO_SELECT = 1; 
*
028B:  MOVLB  02
028C:  BSF    1D.6
....................    // Set RA5 as SS pin 
....................    PIN_SS_SELECT = 1; 
028D:  BSF    1D.5
028E:  MOVLP  00
028F:  MOVLB  00
0290:  GOTO   74E (RETURN)
....................    // Set RB5 as TX pin 
.................... } 
.................... // Sets SPI parameters 
.................... void set_SPI() 
.................... { 
....................    // Disable SPI to set registers 
....................    SPI_ENABLE = 0; 
0291:  MOVLB  04
0292:  BCF    15.5
....................     
....................    // Set idle state of the clock to low  
....................    SPI_CLOCK_POLARITY = 0; 
0293:  BCF    15.4
....................    // Set SPI mode to SPI  
....................    SPI_MODE_3 = 0;  
0294:  BCF    15.3
....................    SPI_MODE_2 = 0; 
0295:  BCF    15.2
....................    SPI_MODE_1 = 1; 
0296:  BSF    15.1
....................    SPI_MODE_0 = 0; 
0297:  BCF    15.0
....................    // Input data sampled at the middle of data output time 
....................    SPI_INPUT_SAMPLE = 0; 
0298:  BCF    14.7
....................    // Transmit occurs on transition from active to idle clock state 
....................    SPI_CLOCK_EDGE = 1; 
0299:  BSF    14.6
....................  
....................    // Enable SPI 
....................    SPI_ENABLE = 1; 
029A:  BSF    15.5
029B:  MOVLP  00
029C:  MOVLB  00
029D:  GOTO   74F (RETURN)
.................... } 
.................... // Sets variables to default values  
.................... void set_variables() 
.................... { 
....................    output_low(SPI_CS);     // Chip select is active high so keep it low to prevent out-of-sync transaction  
029E:  MOVLB  01
029F:  BCF    0C.7
02A0:  MOVLB  02
02A1:  BCF    0C.7
....................    output_low(DRV_RESET);  // Reset is active high so keep reset pin low to activate driver  
02A2:  MOVLB  01
02A3:  BCF    0C.1
02A4:  MOVLB  02
02A5:  BCF    0C.1
....................    output_low(DRV_DIR);    // Set default direction 
02A6:  MOVLB  01
02A7:  BCF    0C.4
02A8:  MOVLB  02
02A9:  BCF    0C.4
....................    output_low(DRV_STEP);   // Keep step output low until a step command is received from the user 
02AA:  MOVLB  01
02AB:  BCF    0C.0
02AC:  MOVLB  02
02AD:  BCF    0C.0
02AE:  MOVLP  00
02AF:  MOVLB  00
02B0:  GOTO   750 (RETURN)
.................... } 
....................  
.................... // Writes the given register byte to the driver 
.................... void write_register_byte(unsigned int8 reg_byte) 
.................... { 
....................    // write the byte to spi buffer 
....................    SPI_SSP1BUF = reg_byte; 
02B1:  MOVLB  04
02B2:  CLRF   12
02B3:  MOVLB  00
02B4:  MOVF   6B,W
02B5:  MOVLB  04
02B6:  MOVWF  11
....................    // Wait until the end of the write operation 
....................    while (!SPI_FLAG); 
02B7:  MOVLB  00
02B8:  BTFSS  11.3
02B9:  GOTO   2B8
....................    // Clear the write-completed-flag of the spi module 
....................    SPI_FLAG = 0; 
02BA:  BCF    11.3
02BB:  RETURN
.................... } 
.................... // Writes the given register to the driver 
.................... void write_register(unsigned int16 reg) 
.................... { 
....................    // start spi write operation by setting the chip select port to high 
....................    output_high(SPI_CS); 
*
02D1:  MOVLB  01
02D2:  BCF    0C.7
02D3:  MOVLB  02
02D4:  BSF    0C.7
....................    // Get and write the MSB of the register 
....................    write_register_byte(make8(reg, 1)); 
02D5:  MOVLB  00
02D6:  MOVF   69,W
02D7:  MOVWF  6A
02D8:  MOVWF  6B
02D9:  CALL   2B1
....................    // Get and write the MSB of the register 
....................    write_register_byte(make8(reg, 0)); 
02DA:  MOVF   68,W
02DB:  MOVWF  6A
02DC:  MOVWF  6B
02DD:  CALL   2B1
....................    // stop spi write operation by setting the chip select port to low 
....................    output_low(SPI_CS); 
02DE:  MOVLB  01
02DF:  BCF    0C.7
02E0:  MOVLB  02
02E1:  BCF    0C.7
....................    delay_ms(10); 
02E2:  MOVLW  0A
02E3:  MOVLB  00
02E4:  MOVWF  6A
02E5:  CALL   2BC
02E6:  RETURN
.................... } 
.................... // Sets driver parameters 
.................... void set_driver() 
.................... { 
....................    if(mode == 0) 
02E7:  BTFSC  29.1
02E8:  GOTO   2EE
....................       write_register(41); //32x microstepping 
02E9:  CLRF   69
02EA:  MOVLW  29
02EB:  MOVWF  68
02EC:  CALL   2D1
02ED:  GOTO   2F2
....................    else 
....................       write_register(65); //256x microstepping 
02EE:  CLRF   69
02EF:  MOVLW  41
02F0:  MOVWF  68
02F1:  CALL   2D1
....................        
....................    //write_register(4310);//high current 
....................    write_register(4146);//low current 
02F2:  MOVLW  10
02F3:  MOVWF  69
02F4:  MOVLW  32
02F5:  MOVWF  68
02F6:  CALL   2D1
....................    write_register(8272); 
02F7:  MOVLW  20
02F8:  MOVWF  69
02F9:  MOVLW  50
02FA:  MOVWF  68
02FB:  CALL   2D1
....................    write_register(12634); 
02FC:  MOVLW  31
02FD:  MOVWF  69
02FE:  MOVLW  5A
02FF:  MOVWF  68
0300:  CALL   2D1
....................    //write_register(17162);   //mixed decay when high torque 
....................    write_register(17704); //auto mixed decay when paused when low torque 
0301:  MOVLW  45
0302:  MOVWF  69
0303:  MOVLW  28
0304:  MOVWF  68
0305:  CALL   2D1
....................    write_register(22804); 
0306:  MOVLW  59
0307:  MOVWF  69
0308:  MOVLW  14
0309:  MOVWF  68
030A:  CALL   2D1
....................    write_register(24736); 
030B:  MOVLW  60
030C:  MOVWF  69
030D:  MOVLW  A0
030E:  MOVWF  68
030F:  CALL   2D1
....................    //write_register(28672); 
....................    delay_ms(10); 
0310:  MOVLW  0A
0311:  MOVWF  6A
0312:  CALL   2BC
0313:  MOVLP  00
0314:  GOTO   751 (RETURN)
.................... } 
....................  
.................... // Moves system by given number of steps  
.................... void motion_cycle(int32 target_step) 
.................... { 
....................    write_register(4310);//high current 
*
043D:  MOVLW  10
043E:  MOVWF  69
043F:  MOVLW  D6
0440:  MOVWF  68
0441:  CALL   2D1
....................    write_register(17162);   //mixed decay when high torque 
0442:  MOVLW  43
0443:  MOVWF  69
0444:  MOVLW  0A
0445:  MOVWF  68
0446:  CALL   2D1
....................    delay_ms(10); 
0447:  MOVLW  0A
0448:  MOVWF  6A
0449:  CALL   2BC
....................    // System is moving 
....................    putc('M'); 
044A:  MOVLW  4D
044B:  CALL   315
....................    // Laser on 
....................    putc('A'); 
044C:  MOVLW  41
044D:  CALL   315
....................        
....................    unsigned int32 i=0; 
044E:  CLRF   67
044F:  CLRF   66
0450:  CLRF   65
0451:  CLRF   64
....................  
....................    if(target_step >= (2*acc_lim)) 
0452:  BCF    03.0
0453:  RLF    30,W
0454:  MOVWF  79
0455:  RLF    31,W
0456:  MOVWF  7A
0457:  MOVF   79,W
0458:  MOVWF  78
0459:  MOVF   63,F
045A:  BTFSS  03.2
045B:  GOTO   469
045C:  MOVF   62,F
045D:  BTFSS  03.2
045E:  GOTO   469
045F:  MOVF   7A,W
0460:  SUBWF  61,W
0461:  BTFSS  03.0
0462:  GOTO   527
0463:  BTFSS  03.2
0464:  GOTO   469
0465:  MOVF   78,W
0466:  SUBWF  60,W
0467:  BTFSS  03.0
0468:  GOTO   527
....................    { 
....................       target_step=target_step-2*acc_lim; 
0469:  BCF    03.0
046A:  RLF    30,W
046B:  MOVWF  79
046C:  RLF    31,W
046D:  MOVWF  7A
046E:  MOVF   79,W
046F:  SUBWF  60,F
0470:  MOVF   7A,W
0471:  SUBWFC 61,F
0472:  MOVLW  00
0473:  SUBWFC 62,F
0474:  SUBWFC 63,F
....................       for(i=0; i<acc_lim; i++) 
0475:  CLRF   67
0476:  CLRF   66
0477:  CLRF   65
0478:  CLRF   64
0479:  MOVF   67,F
047A:  BTFSS  03.2
047B:  GOTO   4A8
047C:  MOVF   66,F
047D:  BTFSS  03.2
047E:  GOTO   4A8
047F:  MOVF   65,W
0480:  SUBWF  31,W
0481:  BTFSS  03.0
0482:  GOTO   4A8
0483:  BTFSS  03.2
0484:  GOTO   489
0485:  MOVF   30,W
0486:  SUBWF  64,W
0487:  BTFSC  03.0
0488:  GOTO   4A8
....................       { 
....................          output_high(DRV_STEP); 
0489:  MOVLB  01
048A:  BCF    0C.0
048B:  MOVLB  02
048C:  BSF    0C.0
....................          delay_us(1); 
048D:  MOVLW  02
048E:  MOVWF  77
048F:  DECFSZ 77,F
0490:  GOTO   48F
0491:  NOP
....................          output_low(DRV_STEP); 
0492:  MOVLB  01
0493:  BCF    0C.0
0494:  MOVLB  02
0495:  BCF    0C.0
....................          delay_us(periods[i]); 
0496:  MOVLB  00
0497:  MOVF   65,W
0498:  MOVWF  7A
0499:  MOVF   64,W
049A:  CALL   023
049B:  MOVWF  68
049C:  MOVF   68,W
049D:  MOVWF  6D
049E:  CALL   31B
049F:  MOVLW  01
04A0:  ADDWF  64,F
04A1:  BTFSC  03.0
04A2:  INCF   65,F
04A3:  BTFSC  03.2
04A4:  INCF   66,F
04A5:  BTFSC  03.2
04A6:  INCF   67,F
04A7:  GOTO   479
....................       } 
....................        
....................       for(i=0; i<(target_step); i++) 
04A8:  CLRF   67
04A9:  CLRF   66
04AA:  CLRF   65
04AB:  CLRF   64
04AC:  MOVF   67,W
04AD:  SUBWF  63,W
04AE:  BTFSS  03.0
04AF:  GOTO   4E9
04B0:  BTFSS  03.2
04B1:  GOTO   4C2
04B2:  MOVF   66,W
04B3:  SUBWF  62,W
04B4:  BTFSS  03.0
04B5:  GOTO   4E9
04B6:  BTFSS  03.2
04B7:  GOTO   4C2
04B8:  MOVF   65,W
04B9:  SUBWF  61,W
04BA:  BTFSS  03.0
04BB:  GOTO   4E9
04BC:  BTFSS  03.2
04BD:  GOTO   4C2
04BE:  MOVF   60,W
04BF:  SUBWF  64,W
04C0:  BTFSC  03.0
04C1:  GOTO   4E9
....................       { 
....................  
....................          output_high(DRV_STEP); 
04C2:  MOVLB  01
04C3:  BCF    0C.0
04C4:  MOVLB  02
04C5:  BSF    0C.0
....................          if(input(LIMIT_SWITCH) == 1) 
04C6:  MOVLB  01
04C7:  BSF    0C.2
04C8:  MOVLB  00
04C9:  BTFSS  0C.2
04CA:  GOTO   4CE
....................          { 
....................             // Limit switch is triggered 
....................             putc('L'); 
04CB:  MOVLW  4C
04CC:  CALL   315
....................             return;             
04CD:  GOTO   571
....................          } 
....................          output_low(DRV_STEP); 
04CE:  MOVLB  01
04CF:  BCF    0C.0
04D0:  MOVLB  02
04D1:  BCF    0C.0
....................          delay_us(delay); 
04D2:  MOVLB  00
04D3:  MOVF   2D,W
04D4:  MOVWF  68
04D5:  INCF   68,F
04D6:  DECF   68,F
04D7:  BTFSC  03.2
04D8:  GOTO   4DD
04D9:  MOVLW  FF
04DA:  MOVWF  6D
04DB:  CALL   31B
04DC:  GOTO   4D6
04DD:  MOVF   2C,W
04DE:  MOVWF  6D
04DF:  CALL   31B
04E0:  MOVLW  01
04E1:  ADDWF  64,F
04E2:  BTFSC  03.0
04E3:  INCF   65,F
04E4:  BTFSC  03.2
04E5:  INCF   66,F
04E6:  BTFSC  03.2
04E7:  INCF   67,F
04E8:  GOTO   4AC
....................       } 
....................        
....................       for(i=acc_lim; i>0; i--) 
04E9:  CLRF   67
04EA:  CLRF   66
04EB:  MOVF   31,W
04EC:  MOVWF  65
04ED:  MOVF   30,W
04EE:  MOVWF  64
04EF:  MOVF   64,F
04F0:  BTFSS  03.2
04F1:  GOTO   4FB
04F2:  MOVF   65,F
04F3:  BTFSS  03.2
04F4:  GOTO   4FB
04F5:  MOVF   66,F
04F6:  BTFSS  03.2
04F7:  GOTO   4FB
04F8:  MOVF   67,F
04F9:  BTFSC  03.2
04FA:  GOTO   526
....................       { 
....................          output_high(DRV_STEP); 
04FB:  MOVLB  01
04FC:  BCF    0C.0
04FD:  MOVLB  02
04FE:  BSF    0C.0
....................          delay_us(1); 
04FF:  MOVLW  02
0500:  MOVWF  77
0501:  DECFSZ 77,F
0502:  GOTO   501
0503:  NOP
....................          output_low(DRV_STEP); 
0504:  MOVLB  01
0505:  BCF    0C.0
0506:  MOVLB  02
0507:  BCF    0C.0
....................          delay_us(periods[i-1]); 
0508:  MOVLW  01
0509:  MOVLB  00
050A:  SUBWF  64,W
050B:  MOVWF  68
050C:  MOVLW  00
050D:  SUBWFC 65,W
050E:  MOVWF  69
050F:  MOVLW  00
0510:  SUBWFC 66,W
0511:  MOVWF  6A
0512:  MOVLW  00
0513:  SUBWFC 67,W
0514:  MOVWF  6B
0515:  MOVF   69,W
0516:  MOVWF  7A
0517:  MOVF   68,W
0518:  CALL   023
0519:  MOVWF  6C
051A:  MOVF   6C,W
051B:  MOVWF  6D
051C:  CALL   31B
051D:  MOVLW  FF
051E:  ADDWF  64,F
051F:  BTFSS  03.0
0520:  ADDWF  65,F
0521:  BTFSS  03.0
0522:  ADDWF  66,F
0523:  BTFSS  03.0
0524:  ADDWF  67,F
0525:  GOTO   4EF
....................       } 
....................    } 
0526:  GOTO   563
....................    else 
....................    { 
....................       for(i=0; i<target_step; i++) 
0527:  CLRF   67
0528:  CLRF   66
0529:  CLRF   65
052A:  CLRF   64
052B:  MOVF   67,W
052C:  SUBWF  63,W
052D:  BTFSS  03.0
052E:  GOTO   563
052F:  BTFSS  03.2
0530:  GOTO   541
0531:  MOVF   66,W
0532:  SUBWF  62,W
0533:  BTFSS  03.0
0534:  GOTO   563
0535:  BTFSS  03.2
0536:  GOTO   541
0537:  MOVF   65,W
0538:  SUBWF  61,W
0539:  BTFSS  03.0
053A:  GOTO   563
053B:  BTFSS  03.2
053C:  GOTO   541
053D:  MOVF   60,W
053E:  SUBWF  64,W
053F:  BTFSC  03.0
0540:  GOTO   563
....................       { 
....................  
....................          output_high(DRV_STEP); 
0541:  MOVLB  01
0542:  BCF    0C.0
0543:  MOVLB  02
0544:  BSF    0C.0
....................          if(input(LIMIT_SWITCH) == 1) 
0545:  MOVLB  01
0546:  BSF    0C.2
0547:  MOVLB  00
0548:  BTFSS  0C.2
0549:  GOTO   54D
....................          { 
....................             // Limit switch is triggered 
....................             putc('L'); 
054A:  MOVLW  4C
054B:  CALL   315
....................             return;             
054C:  GOTO   571
....................          } 
....................          delay_us(1); 
054D:  MOVLW  02
054E:  MOVWF  77
054F:  DECFSZ 77,F
0550:  GOTO   54F
0551:  NOP
....................          output_low(DRV_STEP); 
0552:  MOVLB  01
0553:  BCF    0C.0
0554:  MOVLB  02
0555:  BCF    0C.0
....................          delay_us(periods[0]); 
0556:  MOVLW  64
0557:  MOVLB  00
0558:  MOVWF  6D
0559:  CALL   31B
055A:  MOVLW  01
055B:  ADDWF  64,F
055C:  BTFSC  03.0
055D:  INCF   65,F
055E:  BTFSC  03.2
055F:  INCF   66,F
0560:  BTFSC  03.2
0561:  INCF   67,F
0562:  GOTO   52B
....................       } 
....................    }  
....................     
....................    // Laser off 
....................    putc('D'); 
0563:  MOVLW  44
0564:  CALL   315
....................    // Reached to target destination 
....................    putc('R'); 
0565:  MOVLW  52
0566:  CALL   315
....................    write_register(4146);//low current 
0567:  MOVLW  10
0568:  MOVWF  69
0569:  MOVLW  32
056A:  MOVWF  68
056B:  CALL   2D1
....................    write_register(17704); //auto mixed decay when paused when low torque 
056C:  MOVLW  45
056D:  MOVWF  69
056E:  MOVLW  28
056F:  MOVWF  68
0570:  CALL   2D1
0571:  RETURN
.................... } 
.................... // Sends system to home position 
.................... void homing_cycle() 
.................... {  
....................    write_register(4310);//high current 
*
032D:  MOVLW  10
032E:  MOVWF  69
032F:  MOVLW  D6
0330:  MOVWF  68
0331:  CALL   2D1
....................    write_register(17162);   //mixed decay when high torque 
0332:  MOVLW  43
0333:  MOVWF  69
0334:  MOVLW  0A
0335:  MOVWF  68
0336:  CALL   2D1
....................    putc('M'); 
0337:  MOVLW  4D
0338:  CALL   315
....................     
....................    output_low(DRV_DIR); 
0339:  MOVLB  01
033A:  BCF    0C.4
033B:  MOVLB  02
033C:  BCF    0C.4
....................    delay_ms(10);  
033D:  MOVLW  0A
033E:  MOVLB  00
033F:  MOVWF  6A
0340:  CALL   2BC
....................     
....................    unsigned int16 i = 0; 
0341:  CLRF   35
0342:  CLRF   34
....................    for(i=0; i<acc_lim; i++) 
0343:  CLRF   35
0344:  CLRF   34
0345:  MOVF   35,W
0346:  SUBWF  31,W
0347:  BTFSS  03.0
0348:  GOTO   371
0349:  BTFSS  03.2
034A:  GOTO   34F
034B:  MOVF   30,W
034C:  SUBWF  34,W
034D:  BTFSC  03.0
034E:  GOTO   371
....................    { 
....................  
....................       output_high(DRV_STEP); 
034F:  MOVLB  01
0350:  BCF    0C.0
0351:  MOVLB  02
0352:  BSF    0C.0
....................       if(input(LIMIT_SWITCH) == 1) 
0353:  MOVLB  01
0354:  BSF    0C.2
0355:  MOVLB  00
0356:  BTFSS  0C.2
0357:  GOTO   35B
....................       { 
....................          // Limit switch is triggered 
....................          putc('L'); 
0358:  MOVLW  4C
0359:  CALL   315
....................          return;             
035A:  GOTO   412
....................       } 
....................       delay_us(1); 
035B:  MOVLW  02
035C:  MOVWF  77
035D:  DECFSZ 77,F
035E:  GOTO   35D
035F:  NOP
....................       output_low(DRV_STEP); 
0360:  MOVLB  01
0361:  BCF    0C.0
0362:  MOVLB  02
0363:  BCF    0C.0
....................       delay_us(periods[i]); 
0364:  MOVLB  00
0365:  MOVF   35,W
0366:  MOVWF  7A
0367:  MOVF   34,W
0368:  CALL   023
0369:  MOVWF  36
036A:  MOVF   36,W
036B:  MOVWF  6D
036C:  CALL   31B
036D:  INCF   34,F
036E:  BTFSC  03.2
036F:  INCF   35,F
0370:  GOTO   345
....................    } 
....................    while(input(HOME_SWITCH) == 1) 
0371:  MOVLB  01
0372:  BSF    0D.3
0373:  MOVLB  00
0374:  BTFSS  0D.3
0375:  GOTO   39A
....................    { 
....................  
....................       output_high(DRV_STEP); 
0376:  MOVLB  01
0377:  BCF    0C.0
0378:  MOVLB  02
0379:  BSF    0C.0
....................       if(input(LIMIT_SWITCH) == 1) 
037A:  MOVLB  01
037B:  BSF    0C.2
037C:  MOVLB  00
037D:  BTFSS  0C.2
037E:  GOTO   382
....................       { 
....................          // Limit switch is triggered 
....................          putc('L'); 
037F:  MOVLW  4C
0380:  CALL   315
....................          return;             
0381:  GOTO   412
....................       } 
....................       delay_us(1); 
0382:  MOVLW  02
0383:  MOVWF  77
0384:  DECFSZ 77,F
0385:  GOTO   384
0386:  NOP
....................       output_low(DRV_STEP); 
0387:  MOVLB  01
0388:  BCF    0C.0
0389:  MOVLB  02
038A:  BCF    0C.0
....................       delay_us(delay); 
038B:  MOVLB  00
038C:  MOVF   2D,W
038D:  MOVWF  36
038E:  INCF   36,F
038F:  DECF   36,F
0390:  BTFSC  03.2
0391:  GOTO   396
0392:  MOVLW  FF
0393:  MOVWF  6D
0394:  CALL   31B
0395:  GOTO   38F
0396:  MOVF   2C,W
0397:  MOVWF  6D
0398:  CALL   31B
0399:  GOTO   371
....................    } 
....................    for(i=acc_lim; i>0; i--) 
039A:  MOVF   31,W
039B:  MOVWF  35
039C:  MOVF   30,W
039D:  MOVWF  34
039E:  MOVF   34,F
039F:  BTFSS  03.2
03A0:  GOTO   3A4
03A1:  MOVF   35,F
03A2:  BTFSC  03.2
03A3:  GOTO   3CD
....................    { 
....................  
....................       output_high(DRV_STEP); 
03A4:  MOVLB  01
03A5:  BCF    0C.0
03A6:  MOVLB  02
03A7:  BSF    0C.0
....................       if(input(LIMIT_SWITCH) == 1) 
03A8:  MOVLB  01
03A9:  BSF    0C.2
03AA:  MOVLB  00
03AB:  BTFSS  0C.2
03AC:  GOTO   3B0
....................       { 
....................          // Limit switch is triggered 
....................          putc('L'); 
03AD:  MOVLW  4C
03AE:  CALL   315
....................          return;             
03AF:  GOTO   412
....................       } 
....................       delay_us(1); 
03B0:  MOVLW  02
03B1:  MOVWF  77
03B2:  DECFSZ 77,F
03B3:  GOTO   3B2
03B4:  NOP
....................       output_low(DRV_STEP); 
03B5:  MOVLB  01
03B6:  BCF    0C.0
03B7:  MOVLB  02
03B8:  BCF    0C.0
....................       delay_us(periods[i-1]); 
03B9:  MOVLW  01
03BA:  MOVLB  00
03BB:  SUBWF  34,W
03BC:  MOVWF  36
03BD:  MOVLW  00
03BE:  SUBWFC 35,W
03BF:  MOVWF  37
03C0:  MOVF   37,W
03C1:  MOVWF  7A
03C2:  MOVF   36,W
03C3:  CALL   023
03C4:  MOVWF  38
03C5:  MOVF   38,W
03C6:  MOVWF  6D
03C7:  CALL   31B
03C8:  MOVF   34,W
03C9:  BTFSC  03.2
03CA:  DECF   35,F
03CB:  DECF   34,F
03CC:  GOTO   39E
....................    } 
....................     
....................    output_high(DRV_DIR); 
03CD:  MOVLB  01
03CE:  BCF    0C.4
03CF:  MOVLB  02
03D0:  BSF    0C.4
....................    delay_ms(500); 
03D1:  MOVLW  02
03D2:  MOVLB  00
03D3:  MOVWF  36
03D4:  MOVLW  FA
03D5:  MOVWF  6A
03D6:  CALL   2BC
03D7:  DECFSZ 36,F
03D8:  GOTO   3D4
....................     
....................    for(i=home_distance; i>0; i--) 
03D9:  MOVF   2F,W
03DA:  MOVWF  35
03DB:  MOVF   2E,W
03DC:  MOVWF  34
03DD:  MOVF   34,F
03DE:  BTFSS  03.2
03DF:  GOTO   3E3
03E0:  MOVF   35,F
03E1:  BTFSC  03.2
03E2:  GOTO   402
....................    { 
....................  
....................       output_high(DRV_STEP); 
03E3:  MOVLB  01
03E4:  BCF    0C.0
03E5:  MOVLB  02
03E6:  BSF    0C.0
....................       if(input(LIMIT_SWITCH) == 1) 
03E7:  MOVLB  01
03E8:  BSF    0C.2
03E9:  MOVLB  00
03EA:  BTFSS  0C.2
03EB:  GOTO   3EF
....................       { 
....................          // Limit switch is triggered 
....................          putc('L'); 
03EC:  MOVLW  4C
03ED:  CALL   315
....................          return;             
03EE:  GOTO   412
....................       } 
....................       delay_us(8); 
03EF:  MOVLW  14
03F0:  MOVWF  77
03F1:  DECFSZ 77,F
03F2:  GOTO   3F1
03F3:  GOTO   3F4
03F4:  NOP
....................       output_low(DRV_STEP); 
03F5:  MOVLB  01
03F6:  BCF    0C.0
03F7:  MOVLB  02
03F8:  BCF    0C.0
....................       delay_us(periods[0]); 
03F9:  MOVLW  64
03FA:  MOVLB  00
03FB:  MOVWF  6D
03FC:  CALL   31B
03FD:  MOVF   34,W
03FE:  BTFSC  03.2
03FF:  DECF   35,F
0400:  DECF   34,F
0401:  GOTO   3DD
....................    } 
....................     
....................    current_distance = 0; 
0402:  CLRF   28
0403:  CLRF   27
0404:  CLRF   26
0405:  CLRF   25
....................     
....................    putc('R'); 
0406:  MOVLW  52
0407:  CALL   315
....................    write_register(4146);//low current 
0408:  MOVLW  10
0409:  MOVWF  69
040A:  MOVLW  32
040B:  MOVWF  68
040C:  CALL   2D1
....................    write_register(17704); //auto mixed decay when paused when low torque 
040D:  MOVLW  45
040E:  MOVWF  69
040F:  MOVLW  28
0410:  MOVWF  68
0411:  CALL   2D1
0412:  RETURN
.................... } 
.................... // Calculates the displacement 
.................... void go_position(int32 user_distance) 
.................... { 
....................    if(user_distance>current_distance) 
*
063F:  MOVF   28,W
0640:  SUBWF  5B,W
0641:  BTFSS  03.0
0642:  GOTO   66F
0643:  BTFSS  03.2
0644:  GOTO   655
0645:  MOVF   27,W
0646:  SUBWF  5A,W
0647:  BTFSS  03.0
0648:  GOTO   66F
0649:  BTFSS  03.2
064A:  GOTO   655
064B:  MOVF   26,W
064C:  SUBWF  59,W
064D:  BTFSS  03.0
064E:  GOTO   66F
064F:  BTFSS  03.2
0650:  GOTO   655
0651:  MOVF   58,W
0652:  SUBWF  25,W
0653:  BTFSC  03.0
0654:  GOTO   66F
....................    { 
....................       output_high(DRV_DIR); 
0655:  MOVLB  01
0656:  BCF    0C.4
0657:  MOVLB  02
0658:  BSF    0C.4
....................       motion_cycle(user_distance - current_distance); 
0659:  MOVLB  00
065A:  MOVF   25,W
065B:  SUBWF  58,W
065C:  MOVWF  5C
065D:  MOVF   26,W
065E:  SUBWFC 59,W
065F:  MOVWF  5D
0660:  MOVF   27,W
0661:  SUBWFC 5A,W
0662:  MOVWF  5E
0663:  MOVF   28,W
0664:  SUBWFC 5B,W
0665:  MOVWF  5F
0666:  MOVWF  63
0667:  MOVF   5E,W
0668:  MOVWF  62
0669:  MOVF   5D,W
066A:  MOVWF  61
066B:  MOVF   5C,W
066C:  MOVWF  60
066D:  CALL   43D
....................    } 
066E:  GOTO   6A3
....................    else if(user_distance<current_distance) 
066F:  MOVF   5B,W
0670:  SUBWF  28,W
0671:  BTFSS  03.0
0672:  GOTO   69F
0673:  BTFSS  03.2
0674:  GOTO   685
0675:  MOVF   5A,W
0676:  SUBWF  27,W
0677:  BTFSS  03.0
0678:  GOTO   69F
0679:  BTFSS  03.2
067A:  GOTO   685
067B:  MOVF   59,W
067C:  SUBWF  26,W
067D:  BTFSS  03.0
067E:  GOTO   69F
067F:  BTFSS  03.2
0680:  GOTO   685
0681:  MOVF   25,W
0682:  SUBWF  58,W
0683:  BTFSC  03.0
0684:  GOTO   69F
....................    { 
....................       output_low(DRV_DIR); 
0685:  MOVLB  01
0686:  BCF    0C.4
0687:  MOVLB  02
0688:  BCF    0C.4
....................       motion_cycle(current_distance-user_distance); 
0689:  MOVLB  00
068A:  MOVF   58,W
068B:  SUBWF  25,W
068C:  MOVWF  5C
068D:  MOVF   59,W
068E:  SUBWFC 26,W
068F:  MOVWF  5D
0690:  MOVF   5A,W
0691:  SUBWFC 27,W
0692:  MOVWF  5E
0693:  MOVF   5B,W
0694:  SUBWFC 28,W
0695:  MOVWF  5F
0696:  MOVWF  63
0697:  MOVF   5E,W
0698:  MOVWF  62
0699:  MOVF   5D,W
069A:  MOVWF  61
069B:  MOVF   5C,W
069C:  MOVWF  60
069D:  CALL   43D
....................    } 
069E:  GOTO   6A3
....................    else 
....................    { 
....................       putc('M'); 
069F:  MOVLW  4D
06A0:  CALL   315
....................       putc('R'); 
06A1:  MOVLW  52
06A2:  CALL   315
....................    } 
....................     
....................    current_distance = user_distance; 
06A3:  MOVF   5B,W
06A4:  MOVWF  28
06A5:  MOVF   5A,W
06A6:  MOVWF  27
06A7:  MOVF   59,W
06A8:  MOVWF  26
06A9:  MOVF   58,W
06AA:  MOVWF  25
.................... } 
....................  
.................... // Handles the messages of RS232 connection 
.................... void rs232_message() 
*
0572:  BTFSS  11.5
0573:  GOTO   572
0574:  MOVLB  03
0575:  MOVF   19,W
0576:  MOVLB  00
0577:  MOVWF  34
0578:  CLRF   35
.................... { 
....................    char command = fgetc(RS232); 
....................    unsigned int i=0; 
....................    unsigned int32 input[7]; 
....................        
....................    switch (command) 
0579:  MOVF   34,W
057A:  XORLW  47
057B:  BTFSC  03.2
057C:  GOTO   581
057D:  XORLW  14
057E:  BTFSC  03.2
057F:  GOTO   6AC
0580:  GOTO   71B
....................    { 
....................       case 'G':   for(i=0; i<7; i++) 
0581:  CLRF   35
0582:  MOVF   35,W
0583:  SUBLW  06
0584:  BTFSS  03.0
0585:  GOTO   5A1
....................                   { 
....................                      input[i]=(unsigned)(fgetc(RS232)-48); 
0586:  RLF    35,W
0587:  MOVWF  77
0588:  RLF    77,F
0589:  MOVLW  FC
058A:  ANDWF  77,F
058B:  MOVF   77,W
058C:  ADDLW  18
058D:  MOVWF  04
058E:  MOVLW  20
058F:  MOVWF  05
0590:  BTFSC  03.0
0591:  INCF   05,F
0592:  BTFSS  11.5
0593:  GOTO   592
0594:  MOVLB  03
0595:  MOVF   19,W
0596:  ADDLW  D0
0597:  MOVWF  00
0598:  ADDFSR 01,FSR0
0599:  CLRF   00
059A:  ADDFSR 01,FSR0
059B:  CLRF   00
059C:  ADDFSR 01,FSR0
059D:  CLRF   00
059E:  MOVLB  00
059F:  INCF   35,F
05A0:  GOTO   582
....................                   } 
....................                    
....................                   int32 data=1000000*input[0]+100000*input[1]+10000*input[2]+1000*input[3]+100*input[4]+10*input[5]+input[6]; 
05A1:  CLRF   5F
05A2:  MOVLW  0F
05A3:  MOVWF  5E
05A4:  MOVLW  42
05A5:  MOVWF  5D
05A6:  MOVLW  40
05A7:  MOVWF  5C
05A8:  MOVF   3B,W
05A9:  MOVWF  63
05AA:  MOVF   3A,W
05AB:  MOVWF  62
05AC:  MOVF   39,W
05AD:  MOVWF  61
05AE:  MOVF   38,W
05AF:  MOVWF  60
05B0:  CALL   413
05B1:  MOVF   7A,W
05B2:  MOVWF  5B
05B3:  MOVF   79,W
05B4:  MOVWF  5A
05B5:  MOVF   78,W
05B6:  MOVWF  59
05B7:  MOVF   77,W
05B8:  MOVWF  58
05B9:  CLRF   5F
05BA:  MOVLW  01
05BB:  MOVWF  5E
05BC:  MOVLW  86
05BD:  MOVWF  5D
05BE:  MOVLW  A0
05BF:  MOVWF  5C
05C0:  MOVF   3F,W
05C1:  MOVWF  63
05C2:  MOVF   3E,W
05C3:  MOVWF  62
05C4:  MOVF   3D,W
05C5:  MOVWF  61
05C6:  MOVF   3C,W
05C7:  MOVWF  60
05C8:  CALL   413
05C9:  MOVF   77,W
05CA:  ADDWF  58,F
05CB:  MOVF   78,W
05CC:  ADDWFC 59,F
05CD:  MOVF   79,W
05CE:  ADDWFC 5A,F
05CF:  MOVF   7A,W
05D0:  ADDWFC 5B,F
05D1:  CLRF   5F
05D2:  CLRF   5E
05D3:  MOVLW  27
05D4:  MOVWF  5D
05D5:  MOVLW  10
05D6:  MOVWF  5C
05D7:  MOVF   43,W
05D8:  MOVWF  63
05D9:  MOVF   42,W
05DA:  MOVWF  62
05DB:  MOVF   41,W
05DC:  MOVWF  61
05DD:  MOVF   40,W
05DE:  MOVWF  60
05DF:  CALL   413
05E0:  MOVF   77,W
05E1:  ADDWF  58,F
05E2:  MOVF   78,W
05E3:  ADDWFC 59,F
05E4:  MOVF   79,W
05E5:  ADDWFC 5A,F
05E6:  MOVF   7A,W
05E7:  ADDWFC 5B,F
05E8:  CLRF   5F
05E9:  CLRF   5E
05EA:  MOVLW  03
05EB:  MOVWF  5D
05EC:  MOVLW  E8
05ED:  MOVWF  5C
05EE:  MOVF   47,W
05EF:  MOVWF  63
05F0:  MOVF   46,W
05F1:  MOVWF  62
05F2:  MOVF   45,W
05F3:  MOVWF  61
05F4:  MOVF   44,W
05F5:  MOVWF  60
05F6:  CALL   413
05F7:  MOVF   77,W
05F8:  ADDWF  58,F
05F9:  MOVF   78,W
05FA:  ADDWFC 59,F
05FB:  MOVF   79,W
05FC:  ADDWFC 5A,F
05FD:  MOVF   7A,W
05FE:  ADDWFC 5B,F
05FF:  CLRF   5F
0600:  CLRF   5E
0601:  CLRF   5D
0602:  MOVLW  64
0603:  MOVWF  5C
0604:  MOVF   4B,W
0605:  MOVWF  63
0606:  MOVF   4A,W
0607:  MOVWF  62
0608:  MOVF   49,W
0609:  MOVWF  61
060A:  MOVF   48,W
060B:  MOVWF  60
060C:  CALL   413
060D:  MOVF   77,W
060E:  ADDWF  58,F
060F:  MOVF   78,W
0610:  ADDWFC 59,F
0611:  MOVF   79,W
0612:  ADDWFC 5A,F
0613:  MOVF   7A,W
0614:  ADDWFC 5B,F
0615:  CLRF   5F
0616:  CLRF   5E
0617:  CLRF   5D
0618:  MOVLW  0A
0619:  MOVWF  5C
061A:  MOVF   4F,W
061B:  MOVWF  63
061C:  MOVF   4E,W
061D:  MOVWF  62
061E:  MOVF   4D,W
061F:  MOVWF  61
0620:  MOVF   4C,W
0621:  MOVWF  60
0622:  CALL   413
0623:  MOVF   77,W
0624:  ADDWF  58,F
0625:  MOVF   78,W
0626:  ADDWFC 59,F
0627:  MOVF   79,W
0628:  ADDWFC 5A,F
0629:  MOVF   7A,W
062A:  ADDWFC 5B,F
062B:  MOVF   50,W
062C:  ADDWF  58,W
062D:  MOVWF  54
062E:  MOVF   51,W
062F:  ADDWFC 59,W
0630:  MOVWF  55
0631:  MOVF   52,W
0632:  ADDWFC 5A,W
0633:  MOVWF  56
0634:  MOVF   53,W
0635:  ADDWFC 5B,W
0636:  MOVWF  57
....................                    
....................                   go_position(data); 
0637:  MOVF   57,W
0638:  MOVWF  5B
0639:  MOVF   56,W
063A:  MOVWF  5A
063B:  MOVF   55,W
063C:  MOVWF  59
063D:  MOVF   54,W
063E:  MOVWF  58
....................                   break; 
*
06AB:  GOTO   71B
....................       case 'S':   if(mode == 0) 
06AC:  BTFSC  29.1
06AD:  GOTO   71A
....................                   {         
....................                      for(i=0; i<3; i++) 
06AE:  CLRF   35
06AF:  MOVF   35,W
06B0:  SUBLW  02
06B1:  BTFSS  03.0
06B2:  GOTO   6CE
....................                      { 
....................                         input[i]=(unsigned)(fgetc(RS232)-48); 
06B3:  RLF    35,W
06B4:  MOVWF  77
06B5:  RLF    77,F
06B6:  MOVLW  FC
06B7:  ANDWF  77,F
06B8:  MOVF   77,W
06B9:  ADDLW  18
06BA:  MOVWF  04
06BB:  MOVLW  20
06BC:  MOVWF  05
06BD:  BTFSC  03.0
06BE:  INCF   05,F
06BF:  BTFSS  11.5
06C0:  GOTO   6BF
06C1:  MOVLB  03
06C2:  MOVF   19,W
06C3:  ADDLW  D0
06C4:  MOVWF  00
06C5:  ADDFSR 01,FSR0
06C6:  CLRF   00
06C7:  ADDFSR 01,FSR0
06C8:  CLRF   00
06C9:  ADDFSR 01,FSR0
06CA:  CLRF   00
06CB:  MOVLB  00
06CC:  INCF   35,F
06CD:  GOTO   6AF
....................                      } 
....................                       
....................                      delay = 100*input[0] + 10*input[1] + input[2]; 
06CE:  CLRF   5F
06CF:  CLRF   5E
06D0:  CLRF   5D
06D1:  MOVLW  64
06D2:  MOVWF  5C
06D3:  MOVF   3B,W
06D4:  MOVWF  63
06D5:  MOVF   3A,W
06D6:  MOVWF  62
06D7:  MOVF   39,W
06D8:  MOVWF  61
06D9:  MOVF   38,W
06DA:  MOVWF  60
06DB:  CALL   413
06DC:  MOVF   7A,W
06DD:  MOVWF  5B
06DE:  MOVF   79,W
06DF:  MOVWF  5A
06E0:  MOVF   78,W
06E1:  MOVWF  59
06E2:  MOVF   77,W
06E3:  MOVWF  58
06E4:  CLRF   5F
06E5:  CLRF   5E
06E6:  CLRF   5D
06E7:  MOVLW  0A
06E8:  MOVWF  5C
06E9:  MOVF   3F,W
06EA:  MOVWF  63
06EB:  MOVF   3E,W
06EC:  MOVWF  62
06ED:  MOVF   3D,W
06EE:  MOVWF  61
06EF:  MOVF   3C,W
06F0:  MOVWF  60
06F1:  CALL   413
06F2:  MOVF   77,W
06F3:  ADDWF  58,F
06F4:  MOVF   78,W
06F5:  ADDWFC 59,F
06F6:  MOVF   79,W
06F7:  ADDWFC 5A,F
06F8:  MOVF   7A,W
06F9:  ADDWFC 5B,F
06FA:  MOVF   40,W
06FB:  ADDWF  58,W
06FC:  MOVWF  2C
06FD:  MOVF   41,W
06FE:  ADDWFC 59,W
06FF:  MOVWF  2D
....................                       
....................                      if(delay > 2000) 
0700:  MOVF   2D,W
0701:  SUBLW  06
0702:  BTFSC  03.0
0703:  GOTO   710
0704:  XORLW  FF
0705:  BTFSS  03.2
0706:  GOTO   70B
0707:  MOVF   2C,W
0708:  SUBLW  D0
0709:  BTFSC  03.0
070A:  GOTO   710
....................                         delay =  2000; 
070B:  MOVLW  07
070C:  MOVWF  2D
070D:  MOVLW  D0
070E:  MOVWF  2C
070F:  GOTO   71A
....................                      else if (delay < 27) 
0710:  MOVF   2D,F
0711:  BTFSS  03.2
0712:  GOTO   71A
0713:  MOVF   2C,W
0714:  SUBLW  1A
0715:  BTFSS  03.0
0716:  GOTO   71A
....................                         delay = 27; 
0717:  CLRF   2D
0718:  MOVLW  1B
0719:  MOVWF  2C
....................                   } 
....................                   break; 
071A:  GOTO   71B
....................       default :   return;  
....................    } 
071B:  MOVLP  00
071C:  GOTO   78E (RETURN)
.................... } 
....................  
.................... #INT_RDA 
.................... void isr_rs232_message() 
.................... { 
....................    disable_interrupts(INT_RDA); 
*
0284:  MOVLB  01
0285:  BCF    11.5
....................    // Receive the RS232 message 
....................    reg_rs232_message = 1; 
0286:  MOVLB  00
0287:  BSF    29.0
0288:  BCF    11.5
0289:  MOVLP  00
028A:  GOTO   018
.................... }  
....................  
.................... void main() 
*
071D:  MOVLW  F0
071E:  MOVLB  01
071F:  MOVWF  19
0720:  MOVLB  02
0721:  BSF    1E.0
0722:  BSF    1D.7
0723:  MOVLB  03
0724:  BCF    1F.3
0725:  MOVLW  0C
0726:  MOVWF  1B
0727:  MOVLW  A2
0728:  MOVWF  1E
0729:  MOVLW  90
072A:  MOVWF  1D
072B:  MOVLB  00
072C:  CLRF   28
072D:  CLRF   27
072E:  CLRF   26
072F:  CLRF   25
0730:  BCF    29.0
0731:  BSF    29.1
0732:  MOVLW  C8
0733:  MOVWF  2B
0734:  CLRF   2A
0735:  CLRF   2D
0736:  MOVLW  01
0737:  MOVWF  2C
0738:  MOVLW  46
0739:  MOVWF  2F
073A:  MOVLW  50
073B:  MOVWF  2E
073C:  MOVLW  02
073D:  MOVWF  31
073E:  MOVLW  58
073F:  MOVWF  30
0740:  MOVLB  03
0741:  CLRF   0C
0742:  CLRF   0D
0743:  MOVLB  02
0744:  CLRF   12
0745:  CLRF   11
0746:  CLRF   14
0747:  CLRF   13
.................... { 
....................    // Set I/O states of the ports 
....................    //           76543210                   
....................    set_tris_a(0b00101100);        
0748:  MOVLW  2C
0749:  TRIS   5
....................    set_tris_b(0b11001111); 
074A:  MOVLW  CF
074B:  TRIS   6
....................  
....................    // Set alternative pin functions 
....................    set_pins(); 
074C:  MOVLB  00
074D:  GOTO   28B
....................    // Set SPI parameters 
....................    set_SPI(); 
074E:  GOTO   291
....................    // Set variables to default values 
....................    set_variables(); 
074F:  GOTO   29E
....................    // Set driver 
....................    set_driver(); 
0750:  GOTO   2E7
....................    // Send system to homme position 
....................    homing_cycle(); 
0751:  CALL   32D
....................     
....................    enable_interrupts(global); 
0752:  MOVLW  C0
0753:  IORWF  0B,F
....................    enable_interrupts(INT_RDA); 
0754:  MOVLB  01
0755:  BSF    11.5
....................  
....................    while(true) 
....................    {   
....................       if(input(LIMIT_SWITCH)) 
0756:  BSF    0C.2
0757:  MOVLB  00
0758:  BTFSS  0C.2
0759:  GOTO   78A
....................       { 
....................          // Disable RS232 receive byte interrupt 
....................          disable_interrupts(INT_RDA); 
075A:  MOVLB  01
075B:  BCF    11.5
....................  
....................          output_toggle(DRV_DIR); 
075C:  BCF    0C.4
075D:  MOVLW  10
075E:  MOVLB  02
075F:  XORWF  0C,F
....................          delay_ms(100); 
0760:  MOVLW  64
0761:  MOVLB  00
0762:  MOVWF  6A
0763:  CALL   2BC
....................          for(unsigned int16 i=0; i <= pulse_per_turn; i++) 
0764:  CLRF   33
0765:  CLRF   32
0766:  MOVF   33,W
0767:  SUBWF  2B,W
0768:  BTFSS  03.0
0769:  GOTO   785
076A:  BTFSS  03.2
076B:  GOTO   770
076C:  MOVF   32,W
076D:  SUBWF  2A,W
076E:  BTFSS  03.0
076F:  GOTO   785
....................          { 
....................             output_high(DRV_STEP); 
0770:  MOVLB  01
0771:  BCF    0C.0
0772:  MOVLB  02
0773:  BSF    0C.0
....................             delay_us(10); 
0774:  MOVLW  1A
0775:  MOVWF  77
0776:  DECFSZ 77,F
0777:  GOTO   776
0778:  NOP
....................             output_low(DRV_STEP); 
0779:  MOVLB  01
077A:  BCF    0C.0
077B:  MOVLB  02
077C:  BCF    0C.0
....................             delay_us(100); 
077D:  MOVLW  64
077E:  MOVLB  00
077F:  MOVWF  6D
0780:  CALL   31B
0781:  INCF   32,F
0782:  BTFSC  03.2
0783:  INCF   33,F
0784:  GOTO   766
....................          } 
....................          homing_cycle(); 
0785:  CALL   32D
....................           
....................          clear_interrupt(INT_RDA); 
0786:  MOVF   07,W
....................          enable_interrupts(INT_RDA);   
0787:  MOVLB  01
0788:  BSF    11.5
0789:  MOVLB  00
....................       } 
....................       if(reg_rs232_message) 
078A:  BTFSS  29.0
078B:  GOTO   792
....................       { 
....................          reg_rs232_message = 0; 
078C:  BCF    29.0
....................          rs232_message(); 
078D:  GOTO   572
....................           
....................          clear_interrupt(INT_RDA); 
078E:  MOVF   07,W
....................          enable_interrupts(INT_RDA); 
078F:  MOVLB  01
0790:  BSF    11.5
0791:  MOVLB  00
....................       } 
0792:  MOVLB  01
0793:  GOTO   756
....................    }    
.................... } 
0794:  SLEEP

Configuration Fuses:
   Word  1: 0E04   INTRC_IO NOWDT PUT NOMCLR PROTECT CPD BROWNOUT NOCLKOUT NOIESO NOFCMEN
   Word  2: 1AFC   WRT PLL_SW STVREN BORV25 NODEBUG NOLVP
